Archive member included to satisfy reference by file (symbol)

C:/Users/armstrongsubero/Desktop/Products/02_Rovari_Studio/RovariStudio_dist/toolchain/bin/../lib/gcc/riscv-none-elf/15.2.0/../../../../riscv-none-elf/lib\libm_nano.a(libm_a-wf_exp.o)
                              C:/Users/armstrongsubero/Desktop/Products/Rovari_Code_Examples/Youtube_Demos/llm_bare_c/system/build/app_1e317360.o (expf)
C:/Users/armstrongsubero/Desktop/Products/02_Rovari_Studio/RovariStudio_dist/toolchain/bin/../lib/gcc/riscv-none-elf/15.2.0/../../../../riscv-none-elf/lib\libm_nano.a(libm_a-wf_log.o)
                              C:/Users/armstrongsubero/Desktop/Products/Rovari_Code_Examples/Youtube_Demos/llm_bare_c/system/build/app_1e317360.o (logf)
C:/Users/armstrongsubero/Desktop/Products/02_Rovari_Studio/RovariStudio_dist/toolchain/bin/../lib/gcc/riscv-none-elf/15.2.0/../../../../riscv-none-elf/lib\libm_nano.a(libm_a-wf_pow.o)
                              C:/Users/armstrongsubero/Desktop/Products/Rovari_Code_Examples/Youtube_Demos/llm_bare_c/system/build/app_1e317360.o (powf)
C:/Users/armstrongsubero/Desktop/Products/02_Rovari_Studio/RovariStudio_dist/toolchain/bin/../lib/gcc/riscv-none-elf/15.2.0/../../../../riscv-none-elf/lib\libm_nano.a(libm_a-wf_sqrt.o)
                              C:/Users/armstrongsubero/Desktop/Products/Rovari_Code_Examples/Youtube_Demos/llm_bare_c/system/build/app_1e317360.o (sqrtf)
C:/Users/armstrongsubero/Desktop/Products/02_Rovari_Studio/RovariStudio_dist/toolchain/bin/../lib/gcc/riscv-none-elf/15.2.0/../../../../riscv-none-elf/lib\libm_nano.a(libm_a-sf_tanh.o)
                              C:/Users/armstrongsubero/Desktop/Products/Rovari_Code_Examples/Youtube_Demos/llm_bare_c/system/build/app_1e317360.o (tanhf)
C:/Users/armstrongsubero/Desktop/Products/02_Rovari_Studio/RovariStudio_dist/toolchain/bin/../lib/gcc/riscv-none-elf/15.2.0/../../../../riscv-none-elf/lib\libm_nano.a(libm_a-sf_expm1.o)
                              C:/Users/armstrongsubero/Desktop/Products/02_Rovari_Studio/RovariStudio_dist/toolchain/bin/../lib/gcc/riscv-none-elf/15.2.0/../../../../riscv-none-elf/lib\libm_nano.a(libm_a-sf_tanh.o) (expm1f)
C:/Users/armstrongsubero/Desktop/Products/02_Rovari_Studio/RovariStudio_dist/toolchain/bin/../lib/gcc/riscv-none-elf/15.2.0/../../../../riscv-none-elf/lib\libm_nano.a(libm_a-sf_nan.o)
                              C:/Users/armstrongsubero/Desktop/Products/02_Rovari_Studio/RovariStudio_dist/toolchain/bin/../lib/gcc/riscv-none-elf/15.2.0/../../../../riscv-none-elf/lib\libm_nano.a(libm_a-wf_log.o) (nanf)
C:/Users/armstrongsubero/Desktop/Products/02_Rovari_Studio/RovariStudio_dist/toolchain/bin/../lib/gcc/riscv-none-elf/15.2.0/../../../../riscv-none-elf/lib\libm_nano.a(libm_a-math_errf.o)
                              C:/Users/armstrongsubero/Desktop/Products/02_Rovari_Studio/RovariStudio_dist/toolchain/bin/../lib/gcc/riscv-none-elf/15.2.0/../../../../riscv-none-elf/lib\libm_nano.a(libm_a-sf_expm1.o) (__math_oflowf)
C:/Users/armstrongsubero/Desktop/Products/02_Rovari_Studio/RovariStudio_dist/toolchain/bin/../lib/gcc/riscv-none-elf/15.2.0/../../../../riscv-none-elf/lib\libm_nano.a(libm_a-ef_sqrt.o)
                              C:/Users/armstrongsubero/Desktop/Products/02_Rovari_Studio/RovariStudio_dist/toolchain/bin/../lib/gcc/riscv-none-elf/15.2.0/../../../../riscv-none-elf/lib\libm_nano.a(libm_a-wf_sqrt.o) (__ieee754_sqrtf)
C:/Users/armstrongsubero/Desktop/Products/02_Rovari_Studio/RovariStudio_dist/toolchain/bin/../lib/gcc/riscv-none-elf/15.2.0/../../../../riscv-none-elf/lib\libm_nano.a(libm_a-sf_fabs.o)
                              C:/Users/armstrongsubero/Desktop/Products/02_Rovari_Studio/RovariStudio_dist/toolchain/bin/../lib/gcc/riscv-none-elf/15.2.0/../../../../riscv-none-elf/lib\libm_nano.a(libm_a-sf_tanh.o) (fabsf)
C:/Users/armstrongsubero/Desktop/Products/02_Rovari_Studio/RovariStudio_dist/toolchain/bin/../lib/gcc/riscv-none-elf/15.2.0/../../../../riscv-none-elf/lib\libm_nano.a(libm_a-sf_finite.o)
                              C:/Users/armstrongsubero/Desktop/Products/02_Rovari_Studio/RovariStudio_dist/toolchain/bin/../lib/gcc/riscv-none-elf/15.2.0/../../../../riscv-none-elf/lib\libm_nano.a(libm_a-wf_exp.o) (finitef)
C:/Users/armstrongsubero/Desktop/Products/02_Rovari_Studio/RovariStudio_dist/toolchain/bin/../lib/gcc/riscv-none-elf/15.2.0/../../../../riscv-none-elf/lib\libm_nano.a(libm_a-ef_exp.o)
                              C:/Users/armstrongsubero/Desktop/Products/02_Rovari_Studio/RovariStudio_dist/toolchain/bin/../lib/gcc/riscv-none-elf/15.2.0/../../../../riscv-none-elf/lib\libm_nano.a(libm_a-wf_exp.o) (__ieee754_expf)
C:/Users/armstrongsubero/Desktop/Products/02_Rovari_Studio/RovariStudio_dist/toolchain/bin/../lib/gcc/riscv-none-elf/15.2.0/../../../../riscv-none-elf/lib\libm_nano.a(libm_a-ef_log.o)
[...]
Memory Configuration

Name             Origin             Length             Attributes
SIGBLOCK         0x60060000         0x00000300         r
RRAM             0x60060300         0x00399d00         xr
SRAM             0x61000000         0x00200000         xrw
IFRAM            0x50000000         0x00020000         rw
*default*        0x00000000         0xffffffff

Linker script and memory map

LOAD C:/Users/armstrongsubero/Desktop/Products/Rovari_Code_Examples/Youtube_Demos/llm_bare_c/system/build/app_1e317360.o
LOAD C:/Users/armstrongsubero/Desktop/Products/Rovari_Code_Examples/Youtube_Demos/llm_bare_c/system/build/rovari.blocks_e34072e8.o
LOAD C:/Users/armstrongsubero/Desktop/Products/Rovari_Code_Examples/Youtube_Demos/llm_bare_c/system/build/baochip1x_it_03ffaa26.o
LOAD C:/Users/armstrongsubero/Desktop/Products/Rovari_Code_Examples/Youtube_Demos/llm_bare_c/system/build/startup_575bc648.o
LOAD C:/Users/armstrongsubero/Desktop/Products/Rovari_Code_Examples/Youtube_Demos/llm_bare_c/system/build/bao1x_gpio_2a159524.o
LOAD C:/Users/armstrongsubero/Desktop/Products/Rovari_Code_Examples/Youtube_Demos/llm_bare_c/system/build/bao1x_uart_c3511564.o
LOAD C:/Users/armstrongsubero/Desktop/Products/Rovari_Code_Examples/Youtube_Demos/llm_bare_c/system/build/bao1x_irq_a7c7ae15.o
LOAD C:/Users/armstrongsubero/Desktop/Products/Rovari_Code_Examples/Youtube_Demos/llm_bare_c/system/build/bao_delay_80f4e0e1.o
LOAD C:/Users/armstrongsubero/Desktop/Products/Rovari_Code_Examples/Youtube_Demos/llm_bare_c/system/build/bao_stdio_0baf7798.o
LOAD C:/Users/armstrongsubero/Desktop/Products/Rovari_Code_Examples/Youtube_Demos/llm_bare_c/system/build/bao_stdlib_0f554822.o
LOAD C:/Users/armstrongsubero/Desktop/Products/Rovari_Code_Examples/Youtube_Demos/llm_bare_c/system/build/rovari_gpio_ac250e33.o
LOAD C:/Users/armstrongsubero/Desktop/Products/Rovari_Code_Examples/Youtube_Demos/llm_bare_c/system/build/rovari_main_6bb15216.o
LOAD C:/Users/armstrongsubero/Desktop/Products/Rovari_Code_Examples/Youtube_Demos/llm_bare_c/system/build/rovari_tick_00f77fea.o
LOAD C:/Users/armstrongsubero/Desktop/Products/Rovari_Code_Examples/Youtube_Demos/llm_bare_c/system/build/rovari_button_bb798d79.o
LOAD C:/Users/armstrongsubero/Desktop/Products/Rovari_Code_Examples/Youtube_Demos/llm_bare_c/system/build/rovari_uart_ce84b523.o
LOAD C:/Users/armstrongsubero/Desktop/Products/Rovari_Code_Examples/Youtube_Demos/llm_bare_c/system/build/sevs_assert_target_bb69b4f5.o
LOAD C:/Users/armstrongsubero/Desktop/Products/Rovari_Code_Examples/Youtube_Demos/llm_bare_c/system/build/bao1x_rram_3bc2ec9f.o
LOAD C:/Users/armstrongsubero/Desktop/Products/Rovari_Code_Examples/Youtube_Demos/llm_bare_c/system/build/bao1x_trng_cd679bc0.o
LOAD C:/Users/armstrongsubero/Desktop/Products/02_Rovari_Studio/RovariStudio_dist/toolchain/bin/../lib/gcc/riscv-none-elf/15.2.0/../../../../riscv-none-elf/lib\libstdc++_nano.a
LOAD C:/Users/armstrongsubero/Desktop/Products/02_Rovari_Studio/RovariStudio_dist/toolchain/bin/../lib/gcc/riscv-none-elf/15.2.0/../../../../riscv-none-elf/lib\libm_nano.a
LOAD C:/Users/armstrongsubero/Desktop/Products/02_Rovari_Studio/RovariStudio_dist/toolchain/bin/../lib/gcc/riscv-none-elf/15.2.0\libgcc.a
LOAD C:/Users/armstrongsubero/Desktop/Products/02_Rovari_Studio/RovariStudio_dist/toolchain/bin/../lib/gcc/riscv-none-elf/15.2.0/../../../../riscv-none-elf/lib\libc_nano.a
LOAD C:/Users/armstrongsubero/Desktop/Products/02_Rovari_Studio/RovariStudio_dist/toolchain/bin/../lib/gcc/riscv-none-elf/15.2.0\libgcc.a
START GROUP
LOAD C:/Users/armstrongsubero/Desktop/Products/02_Rovari_Studio/RovariStudio_dist/toolchain/bin/../lib/gcc/riscv-none-elf/15.2.0\libgcc.a
LOAD C:/Users/armstrongsubero/Desktop/Products/02_Rovari_Studio/RovariStudio_dist/toolchain/bin/../lib/gcc/riscv-none-elf/15.2.0/../../../../riscv-none-elf/lib\libc_nano.a
LOAD C:/Users/armstrongsubero/Desktop/Products/02_Rovari_Studio/RovariStudio_dist/toolchain/bin/../lib/gcc/riscv-none-elf/15.2.0/../../../../riscv-none-elf/lib\libnosys.a
END GROUP
START GROUP
LOAD C:/Users/armstrongsubero/Desktop/Products/02_Rovari_Studio/RovariStudio_dist/toolchain/bin/../lib/gcc/riscv-none-elf/15.2.0\libgcc.a
LOAD C:/Users/armstrongsubero/Desktop/Products/02_Rovari_Studio/RovariStudio_dist/toolchain/bin/../lib/gcc/riscv-none-elf/15.2.0/../../../../riscv-none-elf/lib\libc_nano.a
LOAD C:/Users/armstrongsubero/Desktop/Products/02_Rovari_Studio/RovariStudio_dist/toolchain/bin/../lib/gcc/riscv-none-elf/15.2.0/../../../../riscv-none-elf/lib\libnosys.a
END GROUP
                0x00002000                        _stack_size = 0x2000
                0x61200000                        _stack_top = (ORIGIN (SRAM) + LENGTH (SRAM))

.text           0x60060300     0x9420
 *(.text.start)
 .text.start    0x60060300      0x13c C:/Users/armstrongsubero/Desktop/Products/Rovari_Code_Examples/Youtube_Demos/llm_bare_c/system/build/startup_575bc648.o
                0x60060300                _start
                0x60060370                _trap_entry
 *(.text .text.*)
 .text._ZL6itoa_uPPcmi
                0x6006043c       0x74 C:/Users/armstrongsubero/Desktop/Products/Rovari_Code_Examples/Youtube_Demos/llm_bare_c/system/build/app_1e317360.o
 .text._ZL9print_scif
                0x600604b0      0x1ac C:/Users/armstrongsubero/Desktop/Products/Rovari_Code_Examples/Youtube_Demos/llm_bare_c/system/build/app_1e317360.o
 .text._ZL12rmsnorm_backPKfS0_fS0_PfS1_i.constprop.0
                0x6006065c       0xfa C:/Users/armstrongsubero/Desktop/Products/Rovari_Code_Examples/Youtube_Demos/llm_bare_c/system/build/app_1e317360.o
 .text._ZL7rmsnormPKfS0_Pfi.constprop.0
                0x60060756       0xa4 C:/Users/armstrongsubero/Desktop/Products/Rovari_Code_Examples/Youtube_Demos/llm_bare_c/system/build/app_1e317360.o
 .text._ZL7forwardPK3GPTPKiiP5Cache.constprop.0
                0x600607fa      0x8c6 C:/Users/armstrongsubero/Desktop/Products/Rovari_Code_Examples/Youtube_Demos/llm_bare_c/system/build/app_1e317360.o
 .text._ZL7print_ff
                0x600610c0      0x12a C:/Users/armstrongsubero/Desktop/Products/Rovari_Code_Examples/Youtube_Demos/llm_bare_c/system/build/app_1e317360.o
 .text._ZL9loss_onlyPK3GPTPKiiP5Cache.constprop.0
                0x600611ea      0x13a C:/Users/armstrongsubero/Desktop/Products/Rovari_Code_Examples/Youtube_Demos/llm_bare_c/system/build/app_1e317360.o
 .text._ZL8generatePKc
                0x60061324      0x21c C:/Users/armstrongsubero/Desktop/Products/Rovari_Code_Examples/Youtube_Demos/llm_bare_c/system/build/app_1e317360.o
 .text._ZL17loss_and_backwardPK3GPTP5CachePS_.constprop.0
                0x60061540      0xba6 C:/Users/armstrongsubero/Desktop/Products/Rovari_Code_Examples/Youtube_Demos/llm_bare_c/system/build/app_1e317360.o
 .text.app_init
                0x600620e6      0x2d2 C:/Users/armstrongsubero/Desktop/Products/Rovari_Code_Examples/Youtube_Demos/llm_bare_c/system/build/app_1e317360.o
                0x600620e6                app_init
 .text.app_run  0x600623b8      0x91a C:/Users/armstrongsubero/Desktop/Products/Rovari_Code_Examples/Youtube_Demos/llm_bare_c/system/build/app_1e317360.o
                0x600623b8                app_run
 .text.gpio_set_function
                0x60062cd2       0x9e C:/Users/armstrongsubero/Desktop/Products/Rovari_Code_Examples/Youtube_Demos/llm_bare_c/system/build/bao1x_gpio_2a159524.o
                0x60062cd2                gpio_set_function
 .text.gpio_set_dir
                0x60062d70       0x8e C:/Users/armstrongsubero/Desktop/Products/Rovari_Code_Examples/Youtube_Demos/llm_bare_c/system/build/bao1x_gpio_2a159524.o
                0x60062d70                gpio_set_dir
 .text.gpio_pull_up
                0x60062dfe       0x7a C:/Users/armstrongsubero/Desktop/Products/Rovari_Code_Examples/Youtube_Demos/llm_bare_c/system/build/bao1x_gpio_2a159524.o
                0x60062dfe                gpio_pull_up
 .text.uart_init
                0x60062e78      0x11c C:/Users/armstrongsubero/Desktop/Products/Rovari_Code_Examples/Youtube_Demos/llm_bare_c/system/build/bao1x_uart_c3511564.o
                0x60062e78                uart_init
 .text.uart_write
                0x60062f94      0x140 C:/Users/armstrongsubero/Desktop/Products/Rovari_Code_Examples/Youtube_Demos/llm_bare_c/system/build/bao1x_uart_c3511564.o
                0x60062f94                uart_write
 .text.uart_putc
                0x600630d4       0x3e C:/Users/armstrongsubero/Desktop/Products/Rovari_Code_Examples/Youtube_Demos/llm_bare_c/system/build/bao1x_uart_c3511564.o
                0x600630d4                uart_putc
 .text.trap_dispatch
                0x60063112       0xbc C:/Users/armstrongsubero/Desktop/Products/Rovari_Code_Examples/Youtube_Demos/llm_bare_c/system/build/bao1x_irq_a7c7ae15.o
                0x60063112                trap_dispatch
 .text.ticktimer_init
                0x600631ce       0x24 C:/Users/armstrongsubero/Desktop/Products/Rovari_Code_Examples/Youtube_Demos/llm_bare_c/system/build/bao_delay_80f4e0e1.o
 .text.millis   0x600631f2       0x44 C:/Users/armstrongsubero/Desktop/Products/Rovari_Code_Examples/Youtube_Demos/llm_bare_c/system/build/bao_delay_80f4e0e1.o
                0x600631f2                millis
 .text.delay_ms
                0x60063236       0x40 C:/Users/armstrongsubero/Desktop/Products/Rovari_Code_Examples/Youtube_Demos/llm_bare_c/system/build/bao_delay_80f4e0e1.o
                0x60063236                delay_ms
 .text.print_unsigned
                0x60063276       0x88 C:/Users/armstrongsubero/Desktop/Products/Rovari_Code_Examples/Youtube_Demos/llm_bare_c/system/build/bao_stdio_0baf7798.o
 .text.mini_printf
                0x600632fe      0x154 C:/Users/armstrongsubero/Desktop/Products/Rovari_Code_Examples/Youtube_Demos/llm_bare_c/system/build/bao_stdio_0baf7798.o
                0x600632fe                mini_printf
 .text.memcpy   0x60063452       0x1c C:/Users/armstrongsubero/Desktop/Products/Rovari_Code_Examples/Youtube_Demos/llm_bare_c/system/build/bao_stdlib_0f554822.o
                0x60063452                memcpy
 .text.memset   0x6006346e       0x12 C:/Users/armstrongsubero/Desktop/Products/Rovari_Code_Examples/Youtube_Demos/llm_bare_c/system/build/bao_stdlib_0f554822.o
                0x6006346e                memset
 .text.setup_default_uart
                0x60063480        0xc C:/Users/armstrongsubero/Desktop/Products/Rovari_Code_Examples/Youtube_Demos/llm_bare_c/system/build/bao_stdlib_0f554822.o
                0x60063480                setup_default_uart
 .text.bao_init
                0x6006348c       0x10 C:/Users/armstrongsubero/Desktop/Products/Rovari_Code_Examples/Youtube_Demos/llm_bare_c/system/build/bao_stdlib_0f554822.o
                0x6006348c                bao_init
 .text.startup.main
                0x6006349c       0x14 C:/Users/armstrongsubero/Desktop/Products/Rovari_Code_Examples/Youtube_Demos/llm_bare_c/system/build/rovari_main_6bb15216.o
                0x6006349c                main
 .text.copy_clipped
                0x600634b0       0x2c C:/Users/armstrongsubero/Desktop/Products/Rovari_Code_Examples/Youtube_Demos/llm_bare_c/system/build/sevs_assert_target_bb69b4f5.o
 .text.sevs_target_disable_irq
                0x600634dc        0x2 C:/Users/armstrongsubero/Desktop/Products/Rovari_Code_Examples/Youtube_Demos/llm_bare_c/system/build/sevs_assert_target_bb69b4f5.o
                0x600634dc                sevs_target_disable_irq
 .text.sevs_target_uart_write_str
                0x600634de        0x2 C:/Users/armstrongsubero/Desktop/Products/Rovari_Code_Examples/Youtube_Demos/llm_bare_c/system/build/sevs_assert_target_bb69b4f5.o
                0x600634de                sevs_target_uart_write_str
 .text.sevs_target_halt
                0x600634e0        0x2 C:/Users/armstrongsubero/Desktop/Products/Rovari_Code_Examples/Youtube_Demos/llm_bare_c/system/build/sevs_assert_target_bb69b4f5.o
                0x600634e0                sevs_target_halt
 .text.sevs_assert_fail
                0x600634e2      0x2d0 C:/Users/armstrongsubero/Desktop/Products/Rovari_Code_Examples/Youtube_Demos/llm_bare_c/system/build/sevs_assert_target_bb69b4f5.o
                0x600634e2                sevs_assert_fail
 .text.cache_flush
                0x600637b2       0x12 C:/Users/armstrongsubero/Desktop/Products/Rovari_Code_Examples/Youtube_Demos/llm_bare_c/system/build/bao1x_rram_3bc2ec9f.o
 .text.rram_read
                0x600637c4       0x5c C:/Users/armstrongsubero/Desktop/Products/Rovari_Code_Examples/Youtube_Demos/llm_bare_c/system/build/bao1x_rram_3bc2ec9f.o
                0x600637c4                rram_read
 .text.rram_write_page
                0x60063820      0x120 C:/Users/armstrongsubero/Desktop/Products/Rovari_Code_Examples/Youtube_Demos/llm_bare_c/system/build/bao1x_rram_3bc2ec9f.o
                0x60063820                rram_write_page
 .text.rram_write
                0x60063940      0x100 C:/Users/armstrongsubero/Desktop/Products/Rovari_Code_Examples/Youtube_Demos/llm_bare_c/system/build/bao1x_rram_3bc2ec9f.o
                0x60063940                rram_write
 .text.trng_init
                0x60063a40       0x12 C:/Users/armstrongsubero/Desktop/Products/Rovari_Code_Examples/Youtube_Demos/llm_bare_c/system/build/bao1x_trng_cd679bc0.o
                0x60063a40                trng_init
 .text.expf     0x60063a52       0x6a C:/Users/armstrongsubero/Desktop/Products/02_Rovari_Studio/RovariStudio_dist/toolchain/bin/../lib/gcc/riscv-none-elf/15.2.0/../../../../riscv-none-elf/lib\libm_nano.a(libm_a-wf_exp.o)
                0x60063a52                expf
 .text.logf     0x60063abc       0x6e C:/Users/armstrongsubero/Desktop/Products/02_Rovari_Studio/RovariStudio_dist/toolchain/bin/../lib/gcc/riscv-none-elf/15.2.0/../../../../riscv-none-elf/lib\libm_nano.a(libm_a-wf_log.o)
                0x60063abc                logf
 .text.powf     0x60063b2a       0xb6 C:/Users/armstrongsubero/Desktop/Products/02_Rovari_Studio/RovariStudio_dist/toolchain/bin/../lib/gcc/riscv-none-elf/15.2.0/../../../../riscv-none-elf/lib\libm_nano.a(libm_a-wf_pow.o)
                0x60063b2a                powf
 .text.sqrtf    0x60063be0       0x48 C:/Users/armstrongsubero/Desktop/Products/02_Rovari_Studio/RovariStudio_dist/toolchain/bin/../lib/gcc/riscv-none-elf/15.2.0/../../../../riscv-none-elf/lib\libm_nano.a(libm_a-wf_sqrt.o)
                0x60063be0                sqrtf
 .text.tanhf    0x60063c28      0x104 C:/Users/armstrongsubero/Desktop/Products/02_Rovari_Studio/RovariStudio_dist/toolchain/bin/../lib/gcc/riscv-none-elf/15.2.0/../../../../riscv-none-elf/lib\libm_nano.a(libm_a-sf_tanh.o)
                0x60063c28                tanhf
 .text.expm1f   0x60063d2c      0x374 C:/Users/armstrongsubero/Desktop/Products/02_Rovari_Studio/RovariStudio_dist/toolchain/bin/../lib/gcc/riscv-none-elf/15.2.0/../../../../riscv-none-elf/lib\libm_nano.a(libm_a-sf_expm1.o)
                0x60063d2c                expm1f
 .text.nanf     0x600640a0        0xa C:/Users/armstrongsubero/Desktop/Products/02_Rovari_Studio/RovariStudio_dist/toolchain/bin/../lib/gcc/riscv-none-elf/15.2.0/../../../../riscv-none-elf/lib\libm_nano.a(libm_a-sf_nan.o)
                0x600640a0                nanf
 .text.with_errnof
                0x600640aa       0x1c C:/Users/armstrongsubero/Desktop/Products/02_Rovari_Studio/RovariStudio_dist/toolchain/bin/../lib/gcc/riscv-none-elf/15.2.0/../../../../riscv-none-elf/lib\libm_nano.a(libm_a-math_errf.o)
 .text.xflowf   0x600640c6       0x20 C:/Users/armstrongsubero/Desktop/Products/02_Rovari_Studio/RovariStudio_dist/toolchain/bin/../lib/gcc/riscv-none-elf/15.2.0/../../../../riscv-none-elf/lib\libm_nano.a(libm_a-math_errf.o)
 .text.__math_uflowf
                0x600640e6        0xc C:/Users/armstrongsubero/Desktop/Products/02_Rovari_Studio/RovariStudio_dist/toolchain/bin/../lib/gcc/riscv-none-elf/15.2.0/../../../../riscv-none-elf/lib\libm_nano.a(libm_a-math_errf.o)
                0x600640e6                __math_uflowf
 .text.__math_oflowf
                0x600640f2        0xc C:/Users/armstrongsubero/Desktop/Products/02_Rovari_Studio/RovariStudio_dist/toolchain/bin/../lib/gcc/riscv-none-elf/15.2.0/../../../../riscv-none-elf/lib\libm_nano.a(libm_a-math_errf.o)
                0x600640f2                __math_oflowf
 .text.__ieee754_sqrtf
                0x600640fe      0x11e C:/Users/armstrongsubero/Desktop/Products/02_Rovari_Studio/RovariStudio_dist/toolchain/bin/../lib/gcc/riscv-none-elf/15.2.0/../../../../riscv-none-elf/lib\libm_nano.a(libm_a-ef_sqrt.o)
                0x600640fe                __ieee754_sqrtf
 .text.fabsf    0x6006421c        0x6 C:/Users/armstrongsubero/Desktop/Products/02_Rovari_Studio/RovariStudio_dist/toolchain/bin/../lib/gcc/riscv-none-elf/15.2.0/../../../../riscv-none-elf/lib\libm_nano.a(libm_a-sf_fabs.o)
                0x6006421c                fabsf
 .text.finitef  0x60064222        0xe C:/Users/armstrongsubero/Desktop/Products/02_Rovari_Studio/RovariStudio_dist/toolchain/bin/../lib/gcc/riscv-none-elf/15.2.0/../../../../riscv-none-elf/lib\libm_nano.a(libm_a-sf_finite.o)
                0x60064222                finitef
 .text.__ieee754_expf
                0x60064230      0x266 C:/Users/armstrongsubero/Desktop/Products/02_Rovari_Studio/RovariStudio_dist/toolchain/bin/../lib/gcc/riscv-none-elf/15.2.0/../../../../riscv-none-elf/lib\libm_nano.a(libm_a-ef_exp.o)
                0x60064230                __ieee754_expf
 .text.__ieee754_logf
                0x60064496      0x2c8 C:/Users/armstrongsubero/Desktop/Products/02_Rovari_Studio/RovariStudio_dist/toolchain/bin/../lib/gcc/riscv-none-elf/15.2.0/../../../../riscv-none-elf/lib\libm_nano.a(libm_a-ef_log.o)
                0x60064496                __ieee754_logf
 .text.__ieee754_powf
                0x6006475e      0x7c8 C:/Users/armstrongsubero/Desktop/Products/02_Rovari_Studio/RovariStudio_dist/toolchain/bin/../lib/gcc/riscv-none-elf/15.2.0/../../../../riscv-none-elf/lib\libm_nano.a(libm_a-ef_pow.o)
                0x6006475e                __ieee754_powf
 .text.scalbnf  0x60064f26       0xea C:/Users/armstrongsubero/Desktop/Products/02_Rovari_Studio/RovariStudio_dist/toolchain/bin/../lib/gcc/riscv-none-elf/15.2.0/../../../../riscv-none-elf/lib\libm_nano.a(libm_a-sf_scalbn.o)
                0x60064f26                scalbnf
 .text.__udivdi3
                0x60065010      0x36e C:/Users/armstrongsubero/Desktop/Products/02_Rovari_Studio/RovariStudio_dist/toolchain/bin/../lib/gcc/riscv-none-elf/15.2.0\libgcc.a(_udivdi3.o)
                0x60065010                __udivdi3
 .text.__adddf3
                0x6006537e      0x900 C:/Users/armstrongsubero/Desktop/Products/02_Rovari_Studio/RovariStudio_dist/toolchain/bin/../lib/gcc/riscv-none-elf/15.2.0\libgcc.a(adddf3.o)
                0x6006537e                __adddf3
 .text.__divdf3
                0x60065c7e      0x692 C:/Users/armstrongsubero/Desktop/Products/02_Rovari_Studio/RovariStudio_dist/toolchain/bin/../lib/gcc/riscv-none-elf/15.2.0\libgcc.a(divdf3.o)
                0x60065c7e                __divdf3
 .text.__gedf2  0x60066310       0xd8 C:/Users/armstrongsubero/Desktop/Products/02_Rovari_Studio/RovariStudio_dist/toolchain/bin/../lib/gcc/riscv-none-elf/15.2.0\libgcc.a(gedf2.o)
                0x60066310                __gedf2
                0x60066310                __gtdf2
 .text.__ledf2  0x600663e8       0xde C:/Users/armstrongsubero/Desktop/Products/02_Rovari_Studio/RovariStudio_dist/toolchain/bin/../lib/gcc/riscv-none-elf/15.2.0\libgcc.a(ledf2.o)
                0x600663e8                __ledf2
                0x600663e8                __ltdf2
 .text.__muldf3
                0x600664c6      0x5a4 C:/Users/armstrongsubero/Desktop/Products/02_Rovari_Studio/RovariStudio_dist/toolchain/bin/../lib/gcc/riscv-none-elf/15.2.0\libgcc.a(muldf3.o)
                0x600664c6                __muldf3
 .text.__subdf3
                0x60066a6a      0x92c C:/Users/armstrongsubero/Desktop/Products/02_Rovari_Studio/RovariStudio_dist/toolchain/bin/../lib/gcc/riscv-none-elf/15.2.0\libgcc.a(subdf3.o)
                0x60066a6a                __subdf3
 .text.__addsf3
                0x60067396      0x5b8 C:/Users/armstrongsubero/Desktop/Products/02_Rovari_Studio/RovariStudio_dist/toolchain/bin/../lib/gcc/riscv-none-elf/15.2.0\libgcc.a(addsf3.o)
                0x60067396                __addsf3
 .text.__divsf3
                0x6006794e      0x2ee C:/Users/armstrongsubero/Desktop/Products/02_Rovari_Studio/RovariStudio_dist/toolchain/bin/../lib/gcc/riscv-none-elf/15.2.0\libgcc.a(divsf3.o)
                0x6006794e                __divsf3
 .text.__eqsf2  0x60067c3c       0x54 C:/Users/armstrongsubero/Desktop/Products/02_Rovari_Studio/RovariStudio_dist/toolchain/bin/../lib/gcc/riscv-none-elf/15.2.0\libgcc.a(eqsf2.o)
                0x60067c3c                __eqsf2
                0x60067c3c                __nesf2
 .text.__gesf2  0x60067c90       0x88 C:/Users/armstrongsubero/Desktop/Products/02_Rovari_Studio/RovariStudio_dist/toolchain/bin/../lib/gcc/riscv-none-elf/15.2.0\libgcc.a(gesf2.o)
                0x60067c90                __gesf2
                0x60067c90                __gtsf2
 .text.__lesf2  0x60067d18       0x8a C:/Users/armstrongsubero/Desktop/Products/02_Rovari_Studio/RovariStudio_dist/toolchain/bin/../lib/gcc/riscv-none-elf/15.2.0\libgcc.a(lesf2.o)
                0x60067d18                __ltsf2
                0x60067d18                __lesf2
 .text.__mulsf3
                0x60067da2      0x32e C:/Users/armstrongsubero/Desktop/Products/02_Rovari_Studio/RovariStudio_dist/toolchain/bin/../lib/gcc/riscv-none-elf/15.2.0\libgcc.a(mulsf3.o)
                0x60067da2                __mulsf3
 .text.__subsf3
                0x600680d0      0x56c C:/Users/armstrongsubero/Desktop/Products/02_Rovari_Studio/RovariStudio_dist/toolchain/bin/../lib/gcc/riscv-none-elf/15.2.0\libgcc.a(subsf3.o)
                0x600680d0                __subsf3
 .text.__unordsf2
                0x6006863c       0x38 C:/Users/armstrongsubero/Desktop/Products/02_Rovari_Studio/RovariStudio_dist/toolchain/bin/../lib/gcc/riscv-none-elf/15.2.0\libgcc.a(unordsf2.o)
                0x6006863c                __unordsf2
 .text.__fixsfsi
                0x60068674       0x60 C:/Users/armstrongsubero/Desktop/Products/02_Rovari_Studio/RovariStudio_dist/toolchain/bin/../lib/gcc/riscv-none-elf/15.2.0\libgcc.a(fixsfsi.o)
                0x60068674                __fixsfsi
 .text.__fixunssfsi
                0x600686d4       0x4a C:/Users/armstrongsubero/Desktop/Products/02_Rovari_Studio/RovariStudio_dist/toolchain/bin/../lib/gcc/riscv-none-elf/15.2.0\libgcc.a(fixunssfsi.o)
                0x600686d4                __fixunssfsi
 .text.__floatsisf
                0x6006871e       0xda C:/Users/armstrongsubero/Desktop/Products/02_Rovari_Studio/RovariStudio_dist/toolchain/bin/../lib/gcc/riscv-none-elf/15.2.0\libgcc.a(floatsisf.o)
                0x6006871e                __floatsisf
 .text.__floatunsisf
                0x600687f8       0xb0 C:/Users/armstrongsubero/Desktop/Products/02_Rovari_Studio/RovariStudio_dist/toolchain/bin/../lib/gcc/riscv-none-elf/15.2.0\libgcc.a(floatunsisf.o)
                0x600687f8                __floatunsisf
 .text.__extendsfdf2
                0x600688a8       0xde C:/Users/armstrongsubero/Desktop/Products/02_Rovari_Studio/RovariStudio_dist/toolchain/bin/../lib/gcc/riscv-none-elf/15.2.0\libgcc.a(extendsfdf2.o)
                0x600688a8                __extendsfdf2
 .text.__truncdfsf2
                0x60068986      0x15e C:/Users/armstrongsubero/Desktop/Products/02_Rovari_Studio/RovariStudio_dist/toolchain/bin/../lib/gcc/riscv-none-elf/15.2.0\libgcc.a(truncdfsf2.o)
                0x60068986                __truncdfsf2
 .text.__clzsi2
                0x60068ae4       0x6e C:/Users/armstrongsubero/Desktop/Products/02_Rovari_Studio/RovariStudio_dist/toolchain/bin/../lib/gcc/riscv-none-elf/15.2.0\libgcc.a(_clzsi2.o)
                0x60068ae4                __clzsi2
 .text.__errno  0x60068b52        0x6 C:/Users/armstrongsubero/Desktop/Products/02_Rovari_Studio/RovariStudio_dist/toolchain/bin/../lib/gcc/riscv-none-elf/15.2.0/../../../../riscv-none-elf/lib\libc_nano.a(libc_a-errno.o)
                0x60068b52                __errno
 .text.__libc_init_array
                0x60068b58       0x5e C:/Users/armstrongsubero/Desktop/Products/02_Rovari_Studio/RovariStudio_dist/toolchain/bin/../lib/gcc/riscv-none-elf/15.2.0/../../../../riscv-none-elf/lib\libc_nano.a(libc_a-init.o)
                0x60068b58                __libc_init_array
 *(.rodata .rodata.*)
 *fill*         0x60068bb6        0x2 
 .rodata._ZL9print_scif.str1.4
                0x60068bb8      0x832 C:/Users/armstrongsubero/Desktop/Products/Rovari_Code_Examples/Youtube_Demos/llm_bare_c/system/build/app_1e317360.o
                                  0xf (size before relaxing)
 .rodata._ZL8generatePKc.str1.4
                0x600693ea        0x0 C:/Users/armstrongsubero/Desktop/Products/Rovari_Code_Examples/Youtube_Demos/llm_bare_c/system/build/app_1e317360.o
                                  0xf (size before relaxing)
 .rodata.app_init.str1.4
                0x600693ea        0x0 C:/Users/armstrongsubero/Desktop/Products/Rovari_Code_Examples/Youtube_Demos/llm_bare_c/system/build/app_1e317360.o
                                0x2bc (size before relaxing)
 .rodata.app_run.str1.4
                0x600693ea        0x0 C:/Users/armstrongsubero/Desktop/Products/Rovari_Code_Examples/Youtube_Demos/llm_bare_c/system/build/app_1e317360.o
                                0x277 (size before relaxing)
 *fill*         0x600693ea        0x2 
 .rodata._ZL4poff
                0x600693ec       0x30 C:/Users/armstrongsubero/Desktop/Products/Rovari_Code_Examples/Youtube_Demos/llm_bare_c/system/build/app_1e317360.o
 .rodata.str1.4
                0x6006941c        0x0 C:/Users/armstrongsubero/Desktop/Products/Rovari_Code_Examples/Youtube_Demos/llm_bare_c/system/build/app_1e317360.o
                                 0x49 (size before relaxing)
 .rodata._ZL6pnames
                0x6006941c       0x2c C:/Users/armstrongsubero/Desktop/Products/Rovari_Code_Examples/Youtube_Demos/llm_bare_c/system/build/app_1e317360.o
 .rodata.gpio_set_function.str1.4
                0x60069448        0x0 C:/Users/armstrongsubero/Desktop/Products/Rovari_Code_Examples/Youtube_Demos/llm_bare_c/system/build/bao1x_gpio_2a159524.o
                                 0xa0 (size before relaxing)
 .rodata.__PRETTY_FUNCTION__.7
                0x60069448        0xd C:/Users/armstrongsubero/Desktop/Products/Rovari_Code_Examples/Youtube_Demos/llm_bare_c/system/build/bao1x_gpio_2a159524.o
 *fill*         0x60069455        0x3 
 .rodata.__PRETTY_FUNCTION__.11
                0x60069458        0xd C:/Users/armstrongsubero/Desktop/Products/Rovari_Code_Examples/Youtube_Demos/llm_bare_c/system/build/bao1x_gpio_2a159524.o
 *fill*         0x60069465        0x3 
 .rodata.__PRETTY_FUNCTION__.13
                0x60069468       0x12 C:/Users/armstrongsubero/Desktop/Products/Rovari_Code_Examples/Youtube_Demos/llm_bare_c/system/build/bao1x_gpio_2a159524.o
 .rodata.uart_init.str1.4
                0x6006947a        0x0 C:/Users/armstrongsubero/Desktop/Products/Rovari_Code_Examples/Youtube_Demos/llm_bare_c/system/build/bao1x_uart_c3511564.o
                                 0xa2 (size before relaxing)
 .rodata.uart_write.str1.4
                0x6006947a        0x0 C:/Users/armstrongsubero/Desktop/Products/Rovari_Code_Examples/Youtube_Demos/llm_bare_c/system/build/bao1x_uart_c3511564.o
                                  0xf (size before relaxing)
 *fill*         0x6006947a        0x2 
 .rodata.__PRETTY_FUNCTION__.4
                0x6006947c        0xa C:/Users/armstrongsubero/Desktop/Products/Rovari_Code_Examples/Youtube_Demos/llm_bare_c/system/build/bao1x_uart_c3511564.o
 *fill*         0x60069486        0x2 
 .rodata.__PRETTY_FUNCTION__.5
                0x60069488        0xb C:/Users/armstrongsubero/Desktop/Products/Rovari_Code_Examples/Youtube_Demos/llm_bare_c/system/build/bao1x_uart_c3511564.o
 *fill*         0x60069493        0x1 
 .rodata.__PRETTY_FUNCTION__.6
                0x60069494        0xa C:/Users/armstrongsubero/Desktop/Products/Rovari_Code_Examples/Youtube_Demos/llm_bare_c/system/build/bao1x_uart_c3511564.o
 *fill*         0x6006949e        0x2 
 .rodata.uart_cg
                0x600694a0       0x10 C:/Users/armstrongsubero/Desktop/Products/Rovari_Code_Examples/Youtube_Demos/llm_bare_c/system/build/bao1x_uart_c3511564.o
 .rodata.uart_base
                0x600694b0       0x10 C:/Users/armstrongsubero/Desktop/Products/Rovari_Code_Examples/Youtube_Demos/llm_bare_c/system/build/bao1x_uart_c3511564.o
 .rodata.irq_array_base
                0x600694c0       0x50 C:/Users/armstrongsubero/Desktop/Products/Rovari_Code_Examples/Youtube_Demos/llm_bare_c/system/build/bao1x_irq_a7c7ae15.o
 .rodata.mini_printf.str1.4
                0x60069510        0x0 C:/Users/armstrongsubero/Desktop/Products/Rovari_Code_Examples/Youtube_Demos/llm_bare_c/system/build/bao_stdio_0baf7798.o
                                 0x82 (size before relaxing)
 .rodata.__PRETTY_FUNCTION__.0
                0x60069510        0xc C:/Users/armstrongsubero/Desktop/Products/Rovari_Code_Examples/Youtube_Demos/llm_bare_c/system/build/bao_stdio_0baf7798.o
 .rodata.sevs_assert_fail.str1.4
                0x6006951c        0x0 C:/Users/armstrongsubero/Desktop/Products/Rovari_Code_Examples/Youtube_Demos/llm_bare_c/system/build/sevs_assert_target_bb69b4f5.o
                                 0x17 (size before relaxing)
 .rodata.str1.4
                0x6006951c        0x0 C:/Users/armstrongsubero/Desktop/Products/Rovari_Code_Examples/Youtube_Demos/llm_bare_c/system/build/sevs_assert_target_bb69b4f5.o
                                 0x28 (size before relaxing)
 .rodata.CSWTCH.27
                0x6006951c       0x10 C:/Users/armstrongsubero/Desktop/Products/Rovari_Code_Examples/Youtube_Demos/llm_bare_c/system/build/sevs_assert_target_bb69b4f5.o
 .rodata.rram_read.str1.4
                0x6006952c        0x0 C:/Users/armstrongsubero/Desktop/Products/Rovari_Code_Examples/Youtube_Demos/llm_bare_c/system/build/bao1x_rram_3bc2ec9f.o
                                 0x82 (size before relaxing)
 .rodata.rram_write_page.str1.4
                0x6006952c        0x0 C:/Users/armstrongsubero/Desktop/Products/Rovari_Code_Examples/Youtube_Demos/llm_bare_c/system/build/bao1x_rram_3bc2ec9f.o
                                  0xf (size before relaxing)
 .rodata.__PRETTY_FUNCTION__.0
                0x6006952c        0xb C:/Users/armstrongsubero/Desktop/Products/Rovari_Code_Examples/Youtube_Demos/llm_bare_c/system/build/bao1x_rram_3bc2ec9f.o
 *fill*         0x60069537        0x1 
 .rodata.__PRETTY_FUNCTION__.1
                0x60069538        0xf C:/Users/armstrongsubero/Desktop/Products/Rovari_Code_Examples/Youtube_Demos/llm_bare_c/system/build/bao1x_rram_3bc2ec9f.o
 *fill*         0x60069547        0x1 
 .rodata.__PRETTY_FUNCTION__.2
                0x60069548       0x10 C:/Users/armstrongsubero/Desktop/Products/Rovari_Code_Examples/Youtube_Demos/llm_bare_c/system/build/bao1x_rram_3bc2ec9f.o
 .rodata.__PRETTY_FUNCTION__.3
                0x60069558        0xa C:/Users/armstrongsubero/Desktop/Products/Rovari_Code_Examples/Youtube_Demos/llm_bare_c/system/build/bao1x_rram_3bc2ec9f.o
 .rodata.logf.str1.4
                0x60069562        0x0 C:/Users/armstrongsubero/Desktop/Products/02_Rovari_Studio/RovariStudio_dist/toolchain/bin/../lib/gcc/riscv-none-elf/15.2.0/../../../../riscv-none-elf/lib\libm_nano.a(libm_a-wf_log.o)
                                  0x1 (size before relaxing)
 *fill*         0x60069562        0x2 
 .rodata.__divdf3
                0x60069564       0x40 C:/Users/armstrongsubero/Desktop/Products/02_Rovari_Studio/RovariStudio_dist/toolchain/bin/../lib/gcc/riscv-none-elf/15.2.0\libgcc.a(divdf3.o)
 .rodata.__divsf3
                0x600695a4       0x7c C:/Users/armstrongsubero/Desktop/Products/02_Rovari_Studio/RovariStudio_dist/toolchain/bin/../lib/gcc/riscv-none-elf/15.2.0\libgcc.a(divsf3.o)
 .rodata.__clz_tab
                0x60069620      0x100 C:/Users/armstrongsubero/Desktop/Products/02_Rovari_Studio/RovariStudio_dist/toolchain/bin/../lib/gcc/riscv-none-elf/15.2.0\libgcc.a(_clz.o)
                0x60069620                __clz_tab
                0x60069720                        . = ALIGN (0x4)

.srodata.cst4   0x60069720      0x14c
 .srodata.cst4  0x60069720      0x14c C:/Users/armstrongsubero/Desktop/Products/Rovari_Code_Examples/Youtube_Demos/llm_bare_c/system/build/app_1e317360.o
                                 0x60 (size before relaxing)
 .srodata.cst4  0x6006986c        0x0 C:/Users/armstrongsubero/Desktop/Products/02_Rovari_Studio/RovariStudio_dist/toolchain/bin/../lib/gcc/riscv-none-elf/15.2.0/../../../../riscv-none-elf/lib\libm_nano.a(libm_a-wf_exp.o)
                                  0xc (size before relaxing)
 .srodata.cst4  0x6006986c        0x0 C:/Users/armstrongsubero/Desktop/Products/02_Rovari_Studio/RovariStudio_dist/toolchain/bin/../lib/gcc/riscv-none-elf/15.2.0/../../../../riscv-none-elf/lib\libm_nano.a(libm_a-wf_log.o)
                                  0x4 (size before relaxing)
 .srodata.cst4  0x6006986c        0x0 C:/Users/armstrongsubero/Desktop/Products/02_Rovari_Studio/RovariStudio_dist/toolchain/bin/../lib/gcc/riscv-none-elf/15.2.0/../../../../riscv-none-elf/lib\libm_nano.a(libm_a-wf_pow.o)
                                  0x4 (size before relaxing)
 .srodata.cst4  0x6006986c        0x0 C:/Users/armstrongsubero/Desktop/Products/02_Rovari_Studio/RovariStudio_dist/toolchain/bin/../lib/gcc/riscv-none-elf/15.2.0/../../../../riscv-none-elf/lib\libm_nano.a(libm_a-sf_expm1.o)
                                 0x4c (size before relaxing)
 .srodata.cst4  0x6006986c        0x0 C:/Users/armstrongsubero/Desktop/Products/02_Rovari_Studio/RovariStudio_dist/toolchain/bin/../lib/gcc/riscv-none-elf/15.2.0/../../../../riscv-none-elf/lib\libm_nano.a(libm_a-sf_nan.o)
                                  0x4 (size before relaxing)
 .srodata.cst4  0x6006986c        0x0 C:/Users/armstrongsubero/Desktop/Products/02_Rovari_Studio/RovariStudio_dist/toolchain/bin/../lib/gcc/riscv-none-elf/15.2.0/../../../../riscv-none-elf/lib\libm_nano.a(libm_a-math_errf.o)
                                 0x10 (size before relaxing)
 .srodata.cst4  0x6006986c        0x0 C:/Users/armstrongsubero/Desktop/Products/02_Rovari_Studio/RovariStudio_dist/toolchain/bin/../lib/gcc/riscv-none-elf/15.2.0/../../../../riscv-none-elf/lib\libm_nano.a(libm_a-ef_exp.o)
                                 0x30 (size before relaxing)
 .srodata.cst4  0x6006986c        0x0 C:/Users/armstrongsubero/Desktop/Products/02_Rovari_Studio/RovariStudio_dist/toolchain/bin/../lib/gcc/riscv-none-elf/15.2.0/../../../../riscv-none-elf/lib\libm_nano.a(libm_a-ef_log.o)
                                 0x3c (size before relaxing)
 .srodata.cst4  0x6006986c        0x0 C:/Users/armstrongsubero/Desktop/Products/02_Rovari_Studio/RovariStudio_dist/toolchain/bin/../lib/gcc/riscv-none-elf/15.2.0/../../../../riscv-none-elf/lib\libm_nano.a(libm_a-ef_pow.o)
                                 0x70 (size before relaxing)
 .srodata.cst4  0x6006986c        0x0 C:/Users/armstrongsubero/Desktop/Products/02_Rovari_Studio/RovariStudio_dist/toolchain/bin/../lib/gcc/riscv-none-elf/15.2.0/../../../../riscv-none-elf/lib\libm_nano.a(libm_a-sf_scalbn.o)
                                 0x18 (size before relaxing)

.srodata.cst8   0x60069870       0x28
 .srodata.cst8  0x60069870       0x28 C:/Users/armstrongsubero/Desktop/Products/Rovari_Code_Examples/Youtube_Demos/llm_bare_c/system/build/app_1e317360.o

.srodata.tiny   0x60069898        0x8
 .srodata.tiny  0x60069898        0x4 C:/Users/armstrongsubero/Desktop/Products/02_Rovari_Studio/RovariStudio_dist/toolchain/bin/../lib/gcc/riscv-none-elf/15.2.0/../../../../riscv-none-elf/lib\libm_nano.a(libm_a-sf_tanh.o)
 .srodata.tiny  0x6006989c        0x4 C:/Users/armstrongsubero/Desktop/Products/02_Rovari_Studio/RovariStudio_dist/toolchain/bin/../lib/gcc/riscv-none-elf/15.2.0/../../../../riscv-none-elf/lib\libm_nano.a(libm_a-ef_sqrt.o)

.srodata.two    0x600698a0        0x4
 .srodata.two   0x600698a0        0x4 C:/Users/armstrongsubero/Desktop/Products/02_Rovari_Studio/RovariStudio_dist/toolchain/bin/../lib/gcc/riscv-none-elf/15.2.0/../../../../riscv-none-elf/lib\libm_nano.a(libm_a-sf_tanh.o)

.srodata.one    0x600698a4        0x8
 .srodata.one   0x600698a4        0x4 C:/Users/armstrongsubero/Desktop/Products/02_Rovari_Studio/RovariStudio_dist/toolchain/bin/../lib/gcc/riscv-none-elf/15.2.0/../../../../riscv-none-elf/lib\libm_nano.a(libm_a-sf_tanh.o)
 .srodata.one   0x600698a8        0x4 C:/Users/armstrongsubero/Desktop/Products/02_Rovari_Studio/RovariStudio_dist/toolchain/bin/../lib/gcc/riscv-none-elf/15.2.0/../../../../riscv-none-elf/lib\libm_nano.a(libm_a-ef_sqrt.o)

.srodata.ln2LO  0x600698ac        0x8
 .srodata.ln2LO
                0x600698ac        0x8 C:/Users/armstrongsubero/Desktop/Products/02_Rovari_Studio/RovariStudio_dist/toolchain/bin/../lib/gcc/riscv-none-elf/15.2.0/../../../../riscv-none-elf/lib\libm_nano.a(libm_a-ef_exp.o)

.srodata.ln2HI  0x600698b4        0x8
 .srodata.ln2HI
                0x600698b4        0x8 C:/Users/armstrongsubero/Desktop/Products/02_Rovari_Studio/RovariStudio_dist/toolchain/bin/../lib/gcc/riscv-none-elf/15.2.0/../../../../riscv-none-elf/lib\libm_nano.a(libm_a-ef_exp.o)

.srodata.halF   0x600698bc        0x8
 .srodata.halF  0x600698bc        0x8 C:/Users/armstrongsubero/Desktop/Products/02_Rovari_Studio/RovariStudio_dist/toolchain/bin/../lib/gcc/riscv-none-elf/15.2.0/../../../../riscv-none-elf/lib\libm_nano.a(libm_a-ef_exp.o)

.srodata.dp_l   0x600698c4        0x8
 .srodata.dp_l  0x600698c4        0x8 C:/Users/armstrongsubero/Desktop/Products/02_Rovari_Studio/RovariStudio_dist/toolchain/bin/../lib/gcc/riscv-none-elf/15.2.0/../../../../riscv-none-elf/lib\libm_nano.a(libm_a-ef_pow.o)

.srodata.dp_h   0x600698cc        0x8
 .srodata.dp_h  0x600698cc        0x8 C:/Users/armstrongsubero/Desktop/Products/02_Rovari_Studio/RovariStudio_dist/toolchain/bin/../lib/gcc/riscv-none-elf/15.2.0/../../../../riscv-none-elf/lib\libm_nano.a(libm_a-ef_pow.o)

.srodata.bp     0x600698d4        0x8
 .srodata.bp    0x600698d4        0x8 C:/Users/armstrongsubero/Desktop/Products/02_Rovari_Studio/RovariStudio_dist/toolchain/bin/../lib/gcc/riscv-none-elf/15.2.0/../../../../riscv-none-elf/lib\libm_nano.a(libm_a-ef_pow.o)

.rela.dyn       0x600698dc        0x0
 .rela.text.start
                0x600698dc        0x0 C:/Users/armstrongsubero/Desktop/Products/Rovari_Code_Examples/Youtube_Demos/llm_bare_c/system/build/app_1e317360.o
 .rela.data._impure_data
                0x600698dc        0x0 C:/Users/armstrongsubero/Desktop/Products/Rovari_Code_Examples/Youtube_Demos/llm_bare_c/system/build/app_1e317360.o
 .rela.text.__libc_init_array
                0x600698dc        0x0 C:/Users/armstrongsubero/Desktop/Products/Rovari_Code_Examples/Youtube_Demos/llm_bare_c/system/build/app_1e317360.o

.preinit_array  0x600698dc        0x0
                0x600698dc                        PROVIDE (__preinit_array_start = .)
 *(.preinit_array*)
                0x600698dc                        PROVIDE (__preinit_array_end = .)

.init_array     0x600698dc        0x0
                0x600698dc                        PROVIDE (__init_array_start = .)
 *(SORT_BY_NAME(.init_array.*))
 *(.init_array*)
                0x600698dc                        PROVIDE (__init_array_end = .)

.fini_array     0x600698dc        0x0
                [!provide]                        PROVIDE (__fini_array_start = .)
 *(SORT_BY_NAME(.fini_array.*))
 *(.fini_array*)
                [!provide]                        PROVIDE (__fini_array_end = .)

.data           0x61000000       0x58 load address 0x600698dc
                0x61000000                        _data_start = .
 *(.data .data.*)
 .data._impure_data
                0x61000000       0x4c C:/Users/armstrongsubero/Desktop/Products/02_Rovari_Studio/RovariStudio_dist/toolchain/bin/../lib/gcc/riscv-none-elf/15.2.0/../../../../riscv-none-elf/lib\libc_nano.a(libc_a-impure.o)
                0x61000000                _impure_data
 *(.sdata .sdata.*)
 .sdata._ZL5epoch
                0x6100004c        0x4 C:/Users/armstrongsubero/Desktop/Products/Rovari_Code_Examples/Youtube_Demos/llm_bare_c/system/build/app_1e317360.o
 .sdata._ZL9rng_state
                0x61000050        0x4 C:/Users/armstrongsubero/Desktop/Products/Rovari_Code_Examples/Youtube_Demos/llm_bare_c/system/build/app_1e317360.o
 .sdata._impure_ptr
                0x61000054        0x4 C:/Users/armstrongsubero/Desktop/Products/02_Rovari_Studio/RovariStudio_dist/toolchain/bin/../lib/gcc/riscv-none-elf/15.2.0/../../../../riscv-none-elf/lib\libc_nano.a(libc_a-impure.o)
                0x61000054                _impure_ptr
                0x61000058                        . = ALIGN (0x4)
                0x61000058                        _data_end = .
                0x600698dc                        _data_lma = LOADADDR (.data)

.bss            0x61000058    0xfd524 load address 0x60069934
                0x61000058                        _bss_start = .
 *(.bss .bss.*)
 .bss._ZL3tok   0x61000058      0x800 C:/Users/armstrongsubero/Desktop/Products/Rovari_Code_Examples/Youtube_Demos/llm_bare_c/system/build/app_1e317360.o
 .bss._ZL3dir   0x61000858    0x1b080 C:/Users/armstrongsubero/Desktop/Products/Rovari_Code_Examples/Youtube_Demos/llm_bare_c/system/build/app_1e317360.o
 .bss._ZZL17loss_and_backwardPK3GPTP5CachePS_E2dv
                0x6101b8d8      0x800 C:/Users/armstrongsubero/Desktop/Products/Rovari_Code_Examples/Youtube_Demos/llm_bare_c/system/build/app_1e317360.o
 .bss._ZZL17loss_and_backwardPK3GPTP5CachePS_E2dk
                0x6101c0d8      0x800 C:/Users/armstrongsubero/Desktop/Products/Rovari_Code_Examples/Youtube_Demos/llm_bare_c/system/build/app_1e317360.o
 .bss._ZZL17loss_and_backwardPK3GPTP5CachePS_E2dq
                0x6101c8d8      0x800 C:/Users/armstrongsubero/Desktop/Products/Rovari_Code_Examples/Youtube_Demos/llm_bare_c/system/build/app_1e317360.o
 .bss._ZZL17loss_and_backwardPK3GPTP5CachePS_E3dcc
                0x6101d0d8     0x2000 C:/Users/armstrongsubero/Desktop/Products/Rovari_Code_Examples/Youtube_Demos/llm_bare_c/system/build/app_1e317360.o
 .bss._ZZL17loss_and_backwardPK3GPTP5CachePS_E3dn1
                0x6101f0d8     0x2000 C:/Users/armstrongsubero/Desktop/Products/Rovari_Code_Examples/Youtube_Demos/llm_bare_c/system/build/app_1e317360.o
 .bss._ZZL17loss_and_backwardPK3GPTP5CachePS_E3dn2
                0x610210d8     0x2000 C:/Users/armstrongsubero/Desktop/Products/Rovari_Code_Examples/Youtube_Demos/llm_bare_c/system/build/app_1e317360.o
 .bss._ZZL17loss_and_backwardPK3GPTP5CachePS_E3dXf
                0x610230d8     0x2000 C:/Users/armstrongsubero/Desktop/Products/Rovari_Code_Examples/Youtube_Demos/llm_bare_c/system/build/app_1e317360.o
 .bss._ZZL17loss_and_backwardPK3GPTP5CachePS_E2dX
                0x610250d8     0x2000 C:/Users/armstrongsubero/Desktop/Products/Rovari_Code_Examples/Youtube_Demos/llm_bare_c/system/build/app_1e317360.o
 .bss._ZZL7forwardPK3GPTPKiiP5CacheE1X
                0x610270d8     0x2000 C:/Users/armstrongsubero/Desktop/Products/Rovari_Code_Examples/Youtube_Demos/llm_bare_c/system/build/app_1e317360.o
 .bss._ZL3Vel   0x610290d8    0x1b080 C:/Users/armstrongsubero/Desktop/Products/Rovari_Code_Examples/Youtube_Demos/llm_bare_c/system/build/app_1e317360.o
 .bss._ZL3Mom   0x61044158    0x1b080 C:/Users/armstrongsubero/Desktop/Products/Rovari_Code_Examples/Youtube_Demos/llm_bare_c/system/build/app_1e317360.o
 .bss._ZL4Grad  0x6105f1d8    0x1b080 C:/Users/armstrongsubero/Desktop/Products/Rovari_Code_Examples/Youtube_Demos/llm_bare_c/system/build/app_1e317360.o
 .bss._ZL5cache
                0x6107a258    0x68204 C:/Users/armstrongsubero/Desktop/Products/Rovari_Code_Examples/Youtube_Demos/llm_bare_c/system/build/app_1e317360.o
 .bss._ZL5model
                0x610e245c    0x1b080 C:/Users/armstrongsubero/Desktop/Products/Rovari_Code_Examples/Youtube_Demos/llm_bare_c/system/build/app_1e317360.o
 .bss.irq_handlers
                0x610fd4dc       0x7c C:/Users/armstrongsubero/Desktop/Products/Rovari_Code_Examples/Youtube_Demos/llm_bare_c/system/build/bao1x_irq_a7c7ae15.o
 *(.sbss .sbss.*)
 .sbss._ZL14train_start_ms
                0x610fd558        0x4 C:/Users/armstrongsubero/Desktop/Products/Rovari_Code_Examples/Youtube_Demos/llm_bare_c/system/build/app_1e317360.o
 .sbss._ZL13epoch_batches
                0x610fd55c        0x4 C:/Users/armstrongsubero/Desktop/Products/Rovari_Code_Examples/Youtube_Demos/llm_bare_c/system/build/app_1e317360.o
 .sbss._ZL10epoch_loss
                0x610fd560        0x4 C:/Users/armstrongsubero/Desktop/Products/Rovari_Code_Examples/Youtube_Demos/llm_bare_c/system/build/app_1e317360.o
 .sbss._ZL4sidx
                0x610fd564        0x4 C:/Users/armstrongsubero/Desktop/Products/Rovari_Code_Examples/Youtube_Demos/llm_bare_c/system/build/app_1e317360.o
 .sbss._ZL4step
                0x610fd568        0x4 C:/Users/armstrongsubero/Desktop/Products/Rovari_Code_Examples/Youtube_Demos/llm_bare_c/system/build/app_1e317360.o
 .sbss._ZL5stage
                0x610fd56c        0x4 C:/Users/armstrongsubero/Desktop/Products/Rovari_Code_Examples/Youtube_Demos/llm_bare_c/system/build/app_1e317360.o
 .sbss._ZL5n_tok
                0x610fd570        0x4 C:/Users/armstrongsubero/Desktop/Products/Rovari_Code_Examples/Youtube_Demos/llm_bare_c/system/build/app_1e317360.o
 .sbss.s_perclk
                0x610fd574        0x4 C:/Users/armstrongsubero/Desktop/Products/Rovari_Code_Examples/Youtube_Demos/llm_bare_c/system/build/bao1x_uart_c3511564.o
 .sbss.s_ticktimer_initialized
                0x610fd578        0x4 C:/Users/armstrongsubero/Desktop/Products/Rovari_Code_Examples/Youtube_Demos/llm_bare_c/system/build/bao_delay_80f4e0e1.o
 *(COMMON)
                0x610fd57c                        . = ALIGN (0x4)
                0x610fd57c                        _bss_end = .

.dma_buffers    0x50000000      0x100
                0x50000000                        _dma_start = .
 *(.dma_buffers .dma_buffers.*)
 .dma_buffers   0x50000000      0x100 C:/Users/armstrongsubero/Desktop/Products/Rovari_Code_Examples/Youtube_Demos/llm_bare_c/system/build/bao1x_uart_c3511564.o
                0x50000100                        . = ALIGN (0x4)
                0x50000100                        _dma_end = .
                0x61000800                        __global_pointer$ = (_data_start + 0x800)

.stack          0x610fd57c     0x2000
                0x610ff57c                        . = (. + _stack_size)
 *fill*         0x610fd57c     0x2000 

/DISCARD/
 *(.comment)
 *(.note.*)
 *(.eh_frame*)
OUTPUT(system\build\app.elf elf32-littleriscv)

.riscv.attributes
                0x00000000       0x67
 .riscv.attributes
                0x00000000       0x63 C:/Users/armstrongsubero/Desktop/Products/Rovari_Code_Examples/Youtube_Demos/llm_bare_c/system/build/app_1e317360.o
 .riscv.attributes
                0x00000063       0x65 C:/Users/armstrongsubero/Desktop/Products/Rovari_Code_Examples/Youtube_Demos/llm_bare_c/system/build/startup_575bc648.o
 .riscv.attributes
                0x000000c8       0x63 C:/Users/armstrongsubero/Desktop/Products/Rovari_Code_Examples/Youtube_Demos/llm_bare_c/system/build/bao1x_gpio_2a159524.o
 .riscv.attributes
                0x0000012b       0x63 C:/Users/armstrongsubero/Desktop/Products/Rovari_Code_Examples/Youtube_Demos/llm_bare_c/system/build/bao1x_uart_c3511564.o
 .riscv.attributes
                0x0000018e       0x67 C:/Users/armstrongsubero/Desktop/Products/Rovari_Code_Examples/Youtube_Demos/llm_bare_c/system/build/bao1x_irq_a7c7ae15.o
 .riscv.attributes
                0x000001f5       0x63 C:/Users/armstrongsubero/Desktop/Products/Rovari_Code_Examples/Youtube_Demos/llm_bare_c/system/build/bao_delay_80f4e0e1.o
 .riscv.attributes
                0x00000258       0x63 C:/Users/armstrongsubero/Desktop/Products/Rovari_Code_Examples/Youtube_Demos/llm_bare_c/system/build/bao_stdio_0baf7798.o
 .riscv.attributes
                0x000002bb       0x67 C:/Users/armstrongsubero/Desktop/Products/Rovari_Code_Examples/Youtube_Demos/llm_bare_c/system/build/bao_stdlib_0f554822.o
 .riscv.attributes
                0x00000322       0x63 C:/Users/armstrongsubero/Desktop/Products/Rovari_Code_Examples/Youtube_Demos/llm_bare_c/system/build/rovari_main_6bb15216.o
 .riscv.attributes
                0x00000385       0x63 C:/Users/armstrongsubero/Desktop/Products/Rovari_Code_Examples/Youtube_Demos/llm_bare_c/system/build/sevs_assert_target_bb69b4f5.o
 .riscv.attributes
                0x000003e8       0x63 C:/Users/armstrongsubero/Desktop/Products/Rovari_Code_Examples/Youtube_Demos/llm_bare_c/system/build/bao1x_rram_3bc2ec9f.o
 .riscv.attributes
                0x0000044b       0x63 C:/Users/armstrongsubero/Desktop/Products/Rovari_Code_Examples/Youtube_Demos/llm_bare_c/system/build/bao1x_trng_cd679bc0.o
 .riscv.attributes
                0x000004ae       0x4e C:/Users/armstrongsubero/Desktop/Products/02_Rovari_Studio/RovariStudio_dist/toolchain/bin/../lib/gcc/riscv-none-elf/15.2.0/../../../../riscv-none-elf/lib\libm_nano.a(libm_a-wf_exp.o)
 .riscv.attributes
                0x000004fc       0x4e C:/Users/armstrongsubero/Desktop/Products/02_Rovari_Studio/RovariStudio_dist/toolchain/bin/../lib/gcc/riscv-none-elf/15.2.0/../../../../riscv-none-elf/lib\libm_nano.a(libm_a-wf_log.o)
 .riscv.attributes
                0x0000054a       0x4e C:/Users/armstrongsubero/Desktop/Products/02_Rovari_Studio/RovariStudio_dist/toolchain/bin/../lib/gcc/riscv-none-elf/15.2.0/../../../../riscv-none-elf/lib\libm_nano.a(libm_a-wf_pow.o)
 .riscv.attributes
                0x00000598       0x4e C:/Users/armstrongsubero/Desktop/Products/02_Rovari_Studio/RovariStudio_dist/toolchain/bin/../lib/gcc/riscv-none-elf/15.2.0/../../../../riscv-none-elf/lib\libm_nano.a(libm_a-wf_sqrt.o)
 .riscv.attributes
                0x000005e6       0x4e C:/Users/armstrongsubero/Desktop/Products/02_Rovari_Studio/RovariStudio_dist/toolchain/bin/../lib/gcc/riscv-none-elf/15.2.0/../../../../riscv-none-elf/lib\libm_nano.a(libm_a-sf_tanh.o)
 .riscv.attributes
                0x00000634       0x4e C:/Users/armstrongsubero/Desktop/Products/02_Rovari_Studio/RovariStudio_dist/toolchain/bin/../lib/gcc/riscv-none-elf/15.2.0/../../../../riscv-none-elf/lib\libm_nano.a(libm_a-sf_expm1.o)
 .riscv.attributes
                0x00000682       0x4e C:/Users/armstrongsubero/Desktop/Products/02_Rovari_Studio/RovariStudio_dist/toolchain/bin/../lib/gcc/riscv-none-elf/15.2.0/../../../../riscv-none-elf/lib\libm_nano.a(libm_a-sf_nan.o)
 .riscv.attributes
                0x000006d0       0x4e C:/Users/armstrongsubero/Desktop/Products/02_Rovari_Studio/RovariStudio_dist/toolchain/bin/../lib/gcc/riscv-none-elf/15.2.0/../../../../riscv-none-elf/lib\libm_nano.a(libm_a-math_errf.o)
 .riscv.attributes
                0x0000071e       0x4e C:/Users/armstrongsubero/Desktop/Products/02_Rovari_Studio/RovariStudio_dist/toolchain/bin/../lib/gcc/riscv-none-elf/15.2.0/../../../../riscv-none-elf/lib\libm_nano.a(libm_a-ef_sqrt.o)
 .riscv.attributes
                0x0000076c       0x4e C:/Users/armstrongsubero/Desktop/Products/02_Rovari_Studio/RovariStudio_dist/toolchain/bin/../lib/gcc/riscv-none-elf/15.2.0/../../../../riscv-none-elf/lib\libm_nano.a(libm_a-sf_fabs.o)
 .riscv.attributes
                0x000007ba       0x4e C:/Users/armstrongsubero/Desktop/Products/02_Rovari_Studio/RovariStudio_dist/toolchain/bin/../lib/gcc/riscv-none-elf/15.2.0/../../../../riscv-none-elf/lib\libm_nano.a(libm_a-sf_finite.o)
 .riscv.attributes
                0x00000808       0x4e C:/Users/armstrongsubero/Desktop/Products/02_Rovari_Studio/RovariStudio_dist/toolchain/bin/../lib/gcc/riscv-none-elf/15.2.0/../../../../riscv-none-elf/lib\libm_nano.a(libm_a-ef_exp.o)
 .riscv.attributes
                0x00000856       0x4e C:/Users/armstrongsubero/Desktop/Products/02_Rovari_Studio/RovariStudio_dist/toolchain/bin/../lib/gcc/riscv-none-elf/15.2.0/../../../../riscv-none-elf/lib\libm_nano.a(libm_a-ef_log.o)
 .riscv.attributes
                0x000008a4       0x4e C:/Users/armstrongsubero/Desktop/Products/02_Rovari_Studio/RovariStudio_dist/toolchain/bin/../lib/gcc/riscv-none-elf/15.2.0/../../../../riscv-none-elf/lib\libm_nano.a(libm_a-ef_pow.o)
 .riscv.attributes
                0x000008f2       0x4e C:/Users/armstrongsubero/Desktop/Products/02_Rovari_Studio/RovariStudio_dist/toolchain/bin/../lib/gcc/riscv-none-elf/15.2.0/../../../../riscv-none-elf/lib\libm_nano.a(libm_a-sf_scalbn.o)
 .riscv.attributes
                0x00000940       0x4e C:/Users/armstrongsubero/Desktop/Products/02_Rovari_Studio/RovariStudio_dist/toolchain/bin/../lib/gcc/riscv-none-elf/15.2.0\libgcc.a(_udivdi3.o)
 .riscv.attributes
                0x0000098e       0x4e C:/Users/armstrongsubero/Desktop/Products/02_Rovari_Studio/RovariStudio_dist/toolchain/bin/../lib/gcc/riscv-none-elf/15.2.0\libgcc.a(adddf3.o)
 .riscv.attributes
                0x000009dc       0x4e C:/Users/armstrongsubero/Desktop/Products/02_Rovari_Studio/RovariStudio_dist/toolchain/bin/../lib/gcc/riscv-none-elf/15.2.0\libgcc.a(divdf3.o)
 .riscv.attributes
                0x00000a2a       0x4e C:/Users/armstrongsubero/Desktop/Products/02_Rovari_Studio/RovariStudio_dist/toolchain/bin/../lib/gcc/riscv-none-elf/15.2.0\libgcc.a(gedf2.o)
 .riscv.attributes
                0x00000a78       0x4e C:/Users/armstrongsubero/Desktop/Products/02_Rovari_Studio/RovariStudio_dist/toolchain/bin/../lib/gcc/riscv-none-elf/15.2.0\libgcc.a(ledf2.o)
 .riscv.attributes
                0x00000ac6       0x4e C:/Users/armstrongsubero/Desktop/Products/02_Rovari_Studio/RovariStudio_dist/toolchain/bin/../lib/gcc/riscv-none-elf/15.2.0\libgcc.a(muldf3.o)
 .riscv.attributes
                0x00000b14       0x4e C:/Users/armstrongsubero/Desktop/Products/02_Rovari_Studio/RovariStudio_dist/toolchain/bin/../lib/gcc/riscv-none-elf/15.2.0\libgcc.a(subdf3.o)
 .riscv.attributes
                0x00000b62       0x4e C:/Users/armstrongsubero/Desktop/Products/02_Rovari_Studio/RovariStudio_dist/toolchain/bin/../lib/gcc/riscv-none-elf/15.2.0\libgcc.a(addsf3.o)
 .riscv.attributes
                0x00000bb0       0x4e C:/Users/armstrongsubero/Desktop/Products/02_Rovari_Studio/RovariStudio_dist/toolchain/bin/../lib/gcc/riscv-none-elf/15.2.0\libgcc.a(divsf3.o)
 .riscv.attributes
                0x00000bfe       0x4e C:/Users/armstrongsubero/Desktop/Products/02_Rovari_Studio/RovariStudio_dist/toolchain/bin/../lib/gcc/riscv-none-elf/15.2.0\libgcc.a(eqsf2.o)
 .riscv.attributes
                0x00000c4c       0x4e C:/Users/armstrongsubero/Desktop/Products/02_Rovari_Studio/RovariStudio_dist/toolchain/bin/../lib/gcc/riscv-none-elf/15.2.0\libgcc.a(gesf2.o)
 .riscv.attributes
                0x00000c9a       0x4e C:/Users/armstrongsubero/Desktop/Products/02_Rovari_Studio/RovariStudio_dist/toolchain/bin/../lib/gcc/riscv-none-elf/15.2.0\libgcc.a(lesf2.o)
 .riscv.attributes
                0x00000ce8       0x4e C:/Users/armstrongsubero/Desktop/Products/02_Rovari_Studio/RovariStudio_dist/toolchain/bin/../lib/gcc/riscv-none-elf/15.2.0\libgcc.a(mulsf3.o)
 .riscv.attributes
                0x00000d36       0x4e C:/Users/armstrongsubero/Desktop/Products/02_Rovari_Studio/RovariStudio_dist/toolchain/bin/../lib/gcc/riscv-none-elf/15.2.0\libgcc.a(subsf3.o)
 .riscv.attributes
                0x00000d84       0x4e C:/Users/armstrongsubero/Desktop/Products/02_Rovari_Studio/RovariStudio_dist/toolchain/bin/../lib/gcc/riscv-none-elf/15.2.0\libgcc.a(unordsf2.o)
 .riscv.attributes
                0x00000dd2       0x4e C:/Users/armstrongsubero/Desktop/Products/02_Rovari_Studio/RovariStudio_dist/toolchain/bin/../lib/gcc/riscv-none-elf/15.2.0\libgcc.a(fixsfsi.o)
 .riscv.attributes
                0x00000e20       0x4e C:/Users/armstrongsubero/Desktop/Products/02_Rovari_Studio/RovariStudio_dist/toolchain/bin/../lib/gcc/riscv-none-elf/15.2.0\libgcc.a(fixunssfsi.o)
 .riscv.attributes
                0x00000e6e       0x4e C:/Users/armstrongsubero/Desktop/Products/02_Rovari_Studio/RovariStudio_dist/toolchain/bin/../lib/gcc/riscv-none-elf/15.2.0\libgcc.a(floatsisf.o)
 .riscv.attributes
                0x00000ebc       0x4e C:/Users/armstrongsubero/Desktop/Products/02_Rovari_Studio/RovariStudio_dist/toolchain/bin/../lib/gcc/riscv-none-elf/15.2.0\libgcc.a(floatunsisf.o)
 .riscv.attributes
                0x00000f0a       0x4e C:/Users/armstrongsubero/Desktop/Products/02_Rovari_Studio/RovariStudio_dist/toolchain/bin/../lib/gcc/riscv-none-elf/15.2.0\libgcc.a(extendsfdf2.o)
 .riscv.attributes
                0x00000f58       0x4e C:/Users/armstrongsubero/Desktop/Products/02_Rovari_Studio/RovariStudio_dist/toolchain/bin/../lib/gcc/riscv-none-elf/15.2.0\libgcc.a(truncdfsf2.o)
 .riscv.attributes
                0x00000fa6       0x4e C:/Users/armstrongsubero/Desktop/Products/02_Rovari_Studio/RovariStudio_dist/toolchain/bin/../lib/gcc/riscv-none-elf/15.2.0\libgcc.a(_clz.o)
 .riscv.attributes
                0x00000ff4       0x4e C:/Users/armstrongsubero/Desktop/Products/02_Rovari_Studio/RovariStudio_dist/toolchain/bin/../lib/gcc/riscv-none-elf/15.2.0\libgcc.a(_clzsi2.o)
 .riscv.attributes
                0x00001042       0x4e C:/Users/armstrongsubero/Desktop/Products/02_Rovari_Studio/RovariStudio_dist/toolchain/bin/../lib/gcc/riscv-none-elf/15.2.0/../../../../riscv-none-elf/lib\libc_nano.a(libc_a-impure.o)
 .riscv.attributes
                0x00001090       0x4e C:/Users/armstrongsubero/Desktop/Products/02_Rovari_Studio/RovariStudio_dist/toolchain/bin/../lib/gcc/riscv-none-elf/15.2.0/../../../../riscv-none-elf/lib\libc_nano.a(libc_a-errno.o)
 .riscv.attributes
                0x000010de       0x4e C:/Users/armstrongsubero/Desktop/Products/02_Rovari_Studio/RovariStudio_dist/toolchain/bin/../lib/gcc/riscv-none-elf/15.2.0/../../../../riscv-none-elf/lib\libc_nano.a(libc_a-init.o)

.debug_info     0x00000000     0xd71d
 .debug_info    0x00000000     0x4a37 C:/Users/armstrongsubero/Desktop/Products/Rovari_Code_Examples/Youtube_Demos/llm_bare_c/system/build/app_1e317360.o
 .debug_info    0x00004a37       0x25 C:/Users/armstrongsubero/Desktop/Products/Rovari_Code_Examples/Youtube_Demos/llm_bare_c/system/build/startup_575bc648.o
 .debug_info    0x00004a5c      0xf5a C:/Users/armstrongsubero/Desktop/Products/Rovari_Code_Examples/Youtube_Demos/llm_bare_c/system/build/bao1x_gpio_2a159524.o
 .debug_info    0x000059b6      0xea6 C:/Users/armstrongsubero/Desktop/Products/Rovari_Code_Examples/Youtube_Demos/llm_bare_c/system/build/bao1x_uart_c3511564.o
 .debug_info    0x0000685c      0x5c6 C:/Users/armstrongsubero/Desktop/Products/Rovari_Code_Examples/Youtube_Demos/llm_bare_c/system/build/bao1x_irq_a7c7ae15.o
 .debug_info    0x00006e22      0x20c C:/Users/armstrongsubero/Desktop/Products/Rovari_Code_Examples/Youtube_Demos/llm_bare_c/system/build/bao_delay_80f4e0e1.o
 .debug_info    0x0000702e      0x330 C:/Users/armstrongsubero/Desktop/Products/Rovari_Code_Examples/Youtube_Demos/llm_bare_c/system/build/bao_stdio_0baf7798.o
 .debug_info    0x0000735e      0x4b1 C:/Users/armstrongsubero/Desktop/Products/Rovari_Code_Examples/Youtube_Demos/llm_bare_c/system/build/bao_stdlib_0f554822.o
 .debug_info    0x0000780f       0xc8 C:/Users/armstrongsubero/Desktop/Products/Rovari_Code_Examples/Youtube_Demos/llm_bare_c/system/build/rovari_main_6bb15216.o
 .debug_info    0x000078d7      0x55d C:/Users/armstrongsubero/Desktop/Products/Rovari_Code_Examples/Youtube_Demos/llm_bare_c/system/build/sevs_assert_target_bb69b4f5.o
 .debug_info    0x00007e34      0x8bb C:/Users/armstrongsubero/Desktop/Products/Rovari_Code_Examples/Youtube_Demos/llm_bare_c/system/build/bao1x_rram_3bc2ec9f.o
 .debug_info    0x000086ef      0x334 C:/Users/armstrongsubero/Desktop/Products/Rovari_Code_Examples/Youtube_Demos/llm_bare_c/system/build/bao1x_trng_cd679bc0.o
 .debug_info    0x00008a23      0x856 C:/Users/armstrongsubero/Desktop/Products/02_Rovari_Studio/RovariStudio_dist/toolchain/bin/../lib/gcc/riscv-none-elf/15.2.0\libgcc.a(_udivdi3.o)
 .debug_info    0x00009279      0x562 C:/Users/armstrongsubero/Desktop/Products/02_Rovari_Studio/RovariStudio_dist/toolchain/bin/../lib/gcc/riscv-none-elf/15.2.0\libgcc.a(adddf3.o)
 .debug_info    0x000097db      0x79a C:/Users/armstrongsubero/Desktop/Products/02_Rovari_Studio/RovariStudio_dist/toolchain/bin/../lib/gcc/riscv-none-elf/15.2.0\libgcc.a(divdf3.o)
 .debug_info    0x00009f75      0x25e C:/Users/armstrongsubero/Desktop/Products/02_Rovari_Studio/RovariStudio_dist/toolchain/bin/../lib/gcc/riscv-none-elf/15.2.0\libgcc.a(gedf2.o)
 .debug_info    0x0000a1d3      0x25e C:/Users/armstrongsubero/Desktop/Products/02_Rovari_Studio/RovariStudio_dist/toolchain/bin/../lib/gcc/riscv-none-elf/15.2.0\libgcc.a(ledf2.o)
 .debug_info    0x0000a431      0x7ab C:/Users/armstrongsubero/Desktop/Products/02_Rovari_Studio/RovariStudio_dist/toolchain/bin/../lib/gcc/riscv-none-elf/15.2.0\libgcc.a(muldf3.o)
 .debug_info    0x0000abdc      0x562 C:/Users/armstrongsubero/Desktop/Products/02_Rovari_Studio/RovariStudio_dist/toolchain/bin/../lib/gcc/riscv-none-elf/15.2.0\libgcc.a(subdf3.o)
 .debug_info    0x0000b13e      0x343 C:/Users/armstrongsubero/Desktop/Products/02_Rovari_Studio/RovariStudio_dist/toolchain/bin/../lib/gcc/riscv-none-elf/15.2.0\libgcc.a(addsf3.o)
 .debug_info    0x0000b481      0x3dd C:/Users/armstrongsubero/Desktop/Products/02_Rovari_Studio/RovariStudio_dist/toolchain/bin/../lib/gcc/riscv-none-elf/15.2.0\libgcc.a(divsf3.o)
 .debug_info    0x0000b85e      0x215 C:/Users/armstrongsubero/Desktop/Products/02_Rovari_Studio/RovariStudio_dist/toolchain/bin/../lib/gcc/riscv-none-elf/15.2.0\libgcc.a(eqsf2.o)
 .debug_info    0x0000ba73      0x221 C:/Users/armstrongsubero/Desktop/Products/02_Rovari_Studio/RovariStudio_dist/toolchain/bin/../lib/gcc/riscv-none-elf/15.2.0\libgcc.a(gesf2.o)
 .debug_info    0x0000bc94      0x221 C:/Users/armstrongsubero/Desktop/Products/02_Rovari_Studio/RovariStudio_dist/toolchain/bin/../lib/gcc/riscv-none-elf/15.2.0\libgcc.a(lesf2.o)
 .debug_info    0x0000beb5      0x3c5 C:/Users/armstrongsubero/Desktop/Products/02_Rovari_Studio/RovariStudio_dist/toolchain/bin/../lib/gcc/riscv-none-elf/15.2.0\libgcc.a(mulsf3.o)
 .debug_info    0x0000c27a      0x343 C:/Users/armstrongsubero/Desktop/Products/02_Rovari_Studio/RovariStudio_dist/toolchain/bin/../lib/gcc/riscv-none-elf/15.2.0\libgcc.a(subsf3.o)
 .debug_info    0x0000c5bd      0x202 C:/Users/armstrongsubero/Desktop/Products/02_Rovari_Studio/RovariStudio_dist/toolchain/bin/../lib/gcc/riscv-none-elf/15.2.0\libgcc.a(unordsf2.o)
 .debug_info    0x0000c7bf      0x1ca C:/Users/armstrongsubero/Desktop/Products/02_Rovari_Studio/RovariStudio_dist/toolchain/bin/../lib/gcc/riscv-none-elf/15.2.0\libgcc.a(fixsfsi.o)
 .debug_info    0x0000c989      0x1b8 C:/Users/armstrongsubero/Desktop/Products/02_Rovari_Studio/RovariStudio_dist/toolchain/bin/../lib/gcc/riscv-none-elf/15.2.0\libgcc.a(fixunssfsi.o)
 .debug_info    0x0000cb41      0x23c C:/Users/armstrongsubero/Desktop/Products/02_Rovari_Studio/RovariStudio_dist/toolchain/bin/../lib/gcc/riscv-none-elf/15.2.0\libgcc.a(floatsisf.o)
 .debug_info    0x0000cd7d      0x231 C:/Users/armstrongsubero/Desktop/Products/02_Rovari_Studio/RovariStudio_dist/toolchain/bin/../lib/gcc/riscv-none-elf/15.2.0\libgcc.a(floatunsisf.o)
 .debug_info    0x0000cfae      0x27d C:/Users/armstrongsubero/Desktop/Products/02_Rovari_Studio/RovariStudio_dist/toolchain/bin/../lib/gcc/riscv-none-elf/15.2.0\libgcc.a(extendsfdf2.o)
 .debug_info    0x0000d22b      0x298 C:/Users/armstrongsubero/Desktop/Products/02_Rovari_Studio/RovariStudio_dist/toolchain/bin/../lib/gcc/riscv-none-elf/15.2.0\libgcc.a(truncdfsf2.o)
 .debug_info    0x0000d4c3       0xf2 C:/Users/armstrongsubero/Desktop/Products/02_Rovari_Studio/RovariStudio_dist/toolchain/bin/../lib/gcc/riscv-none-elf/15.2.0\libgcc.a(_clz.o)
 .debug_info    0x0000d5b5      0x168 C:/Users/armstrongsubero/Desktop/Products/02_Rovari_Studio/RovariStudio_dist/toolchain/bin/../lib/gcc/riscv-none-elf/15.2.0\libgcc.a(_clzsi2.o)

.debug_abbrev   0x00000000     0x39d7
 .debug_abbrev  0x00000000      0x60f C:/Users/armstrongsubero/Desktop/Products/Rovari_Code_Examples/Youtube_Demos/llm_bare_c/system/build/app_1e317360.o
 .debug_abbrev  0x0000060f       0x14 C:/Users/armstrongsubero/Desktop/Products/Rovari_Code_Examples/Youtube_Demos/llm_bare_c/system/build/startup_575bc648.o
 .debug_abbrev  0x00000623      0x1ff C:/Users/armstrongsubero/Desktop/Products/Rovari_Code_Examples/Youtube_Demos/llm_bare_c/system/build/bao1x_gpio_2a159524.o
 .debug_abbrev  0x00000822      0x3f7 C:/Users/armstrongsubero/Desktop/Products/Rovari_Code_Examples/Youtube_Demos/llm_bare_c/system/build/bao1x_uart_c3511564.o
 .debug_abbrev  0x00000c19      0x273 C:/Users/armstrongsubero/Desktop/Products/Rovari_Code_Examples/Youtube_Demos/llm_bare_c/system/build/bao1x_irq_a7c7ae15.o
 .debug_abbrev  0x00000e8c      0x121 C:/Users/armstrongsubero/Desktop/Products/Rovari_Code_Examples/Youtube_Demos/llm_bare_c/system/build/bao_delay_80f4e0e1.o
 .debug_abbrev  0x00000fad      0x180 C:/Users/armstrongsubero/Desktop/Products/Rovari_Code_Examples/Youtube_Demos/llm_bare_c/system/build/bao_stdio_0baf7798.o
 .debug_abbrev  0x0000112d      0x1b1 C:/Users/armstrongsubero/Desktop/Products/Rovari_Code_Examples/Youtube_Demos/llm_bare_c/system/build/bao_stdlib_0f554822.o
 .debug_abbrev  0x000012de       0x61 C:/Users/armstrongsubero/Desktop/Products/Rovari_Code_Examples/Youtube_Demos/llm_bare_c/system/build/rovari_main_6bb15216.o
 .debug_abbrev  0x0000133f      0x283 C:/Users/armstrongsubero/Desktop/Products/Rovari_Code_Examples/Youtube_Demos/llm_bare_c/system/build/sevs_assert_target_bb69b4f5.o
 .debug_abbrev  0x000015c2      0x2f6 C:/Users/armstrongsubero/Desktop/Products/Rovari_Code_Examples/Youtube_Demos/llm_bare_c/system/build/bao1x_rram_3bc2ec9f.o
 .debug_abbrev  0x000018b8      0x1b4 C:/Users/armstrongsubero/Desktop/Products/Rovari_Code_Examples/Youtube_Demos/llm_bare_c/system/build/bao1x_trng_cd679bc0.o
 .debug_abbrev  0x00001a6c      0x1a4 C:/Users/armstrongsubero/Desktop/Products/02_Rovari_Studio/RovariStudio_dist/toolchain/bin/../lib/gcc/riscv-none-elf/15.2.0\libgcc.a(_udivdi3.o)
 .debug_abbrev  0x00001c10      0x195 C:/Users/armstrongsubero/Desktop/Products/02_Rovari_Studio/RovariStudio_dist/toolchain/bin/../lib/gcc/riscv-none-elf/15.2.0\libgcc.a(adddf3.o)
 .debug_abbrev  0x00001da5      0x182 C:/Users/armstrongsubero/Desktop/Products/02_Rovari_Studio/RovariStudio_dist/toolchain/bin/../lib/gcc/riscv-none-elf/15.2.0\libgcc.a(divdf3.o)
 .debug_abbrev  0x00001f27      0x172 C:/Users/armstrongsubero/Desktop/Products/02_Rovari_Studio/RovariStudio_dist/toolchain/bin/../lib/gcc/riscv-none-elf/15.2.0\libgcc.a(gedf2.o)
 .debug_abbrev  0x00002099      0x172 C:/Users/armstrongsubero/Desktop/Products/02_Rovari_Studio/RovariStudio_dist/toolchain/bin/../lib/gcc/riscv-none-elf/15.2.0\libgcc.a(ledf2.o)
 .debug_abbrev  0x0000220b      0x194 C:/Users/armstrongsubero/Desktop/Products/02_Rovari_Studio/RovariStudio_dist/toolchain/bin/../lib/gcc/riscv-none-elf/15.2.0\libgcc.a(muldf3.o)
 .debug_abbrev  0x0000239f      0x195 C:/Users/armstrongsubero/Desktop/Products/02_Rovari_Studio/RovariStudio_dist/toolchain/bin/../lib/gcc/riscv-none-elf/15.2.0\libgcc.a(subdf3.o)
 .debug_abbrev  0x00002534      0x173 C:/Users/armstrongsubero/Desktop/Products/02_Rovari_Studio/RovariStudio_dist/toolchain/bin/../lib/gcc/riscv-none-elf/15.2.0\libgcc.a(addsf3.o)
 .debug_abbrev  0x000026a7      0x150 C:/Users/armstrongsubero/Desktop/Products/02_Rovari_Studio/RovariStudio_dist/toolchain/bin/../lib/gcc/riscv-none-elf/15.2.0\libgcc.a(divsf3.o)
 .debug_abbrev  0x000027f7      0x14b C:/Users/armstrongsubero/Desktop/Products/02_Rovari_Studio/RovariStudio_dist/toolchain/bin/../lib/gcc/riscv-none-elf/15.2.0\libgcc.a(eqsf2.o)
 .debug_abbrev  0x00002942      0x164 C:/Users/armstrongsubero/Desktop/Products/02_Rovari_Studio/RovariStudio_dist/toolchain/bin/../lib/gcc/riscv-none-elf/15.2.0\libgcc.a(gesf2.o)
 .debug_abbrev  0x00002aa6      0x164 C:/Users/armstrongsubero/Desktop/Products/02_Rovari_Studio/RovariStudio_dist/toolchain/bin/../lib/gcc/riscv-none-elf/15.2.0\libgcc.a(lesf2.o)
 .debug_abbrev  0x00002c0a      0x15f C:/Users/armstrongsubero/Desktop/Products/02_Rovari_Studio/RovariStudio_dist/toolchain/bin/../lib/gcc/riscv-none-elf/15.2.0\libgcc.a(mulsf3.o)
 .debug_abbrev  0x00002d69      0x173 C:/Users/armstrongsubero/Desktop/Products/02_Rovari_Studio/RovariStudio_dist/toolchain/bin/../lib/gcc/riscv-none-elf/15.2.0\libgcc.a(subsf3.o)
 .debug_abbrev  0x00002edc      0x153 C:/Users/armstrongsubero/Desktop/Products/02_Rovari_Studio/RovariStudio_dist/toolchain/bin/../lib/gcc/riscv-none-elf/15.2.0\libgcc.a(unordsf2.o)
 .debug_abbrev  0x0000302f      0x159 C:/Users/armstrongsubero/Desktop/Products/02_Rovari_Studio/RovariStudio_dist/toolchain/bin/../lib/gcc/riscv-none-elf/15.2.0\libgcc.a(fixsfsi.o)
 .debug_abbrev  0x00003188      0x15c C:/Users/armstrongsubero/Desktop/Products/02_Rovari_Studio/RovariStudio_dist/toolchain/bin/../lib/gcc/riscv-none-elf/15.2.0\libgcc.a(fixunssfsi.o)
 .debug_abbrev  0x000032e4      0x17c C:/Users/armstrongsubero/Desktop/Products/02_Rovari_Studio/RovariStudio_dist/toolchain/bin/../lib/gcc/riscv-none-elf/15.2.0\libgcc.a(floatsisf.o)
 .debug_abbrev  0x00003460      0x17b C:/Users/armstrongsubero/Desktop/Products/02_Rovari_Studio/RovariStudio_dist/toolchain/bin/../lib/gcc/riscv-none-elf/15.2.0\libgcc.a(floatunsisf.o)
 .debug_abbrev  0x000035db      0x15f C:/Users/armstrongsubero/Desktop/Products/02_Rovari_Studio/RovariStudio_dist/toolchain/bin/../lib/gcc/riscv-none-elf/15.2.0\libgcc.a(extendsfdf2.o)
 .debug_abbrev  0x0000373a      0x14e C:/Users/armstrongsubero/Desktop/Products/02_Rovari_Studio/RovariStudio_dist/toolchain/bin/../lib/gcc/riscv-none-elf/15.2.0\libgcc.a(truncdfsf2.o)
 .debug_abbrev  0x00003888       0x76 C:/Users/armstrongsubero/Desktop/Products/02_Rovari_Studio/RovariStudio_dist/toolchain/bin/../lib/gcc/riscv-none-elf/15.2.0\libgcc.a(_clz.o)
 .debug_abbrev  0x000038fe       0xd9 C:/Users/armstrongsubero/Desktop/Products/02_Rovari_Studio/RovariStudio_dist/toolchain/bin/../lib/gcc/riscv-none-elf/15.2.0\libgcc.a(_clzsi2.o)

.debug_loclists
                0x00000000    0x10161
 .debug_loclists
                0x00000000     0x1a19 C:/Users/armstrongsubero/Desktop/Products/Rovari_Code_Examples/Youtube_Demos/llm_bare_c/system/build/app_1e317360.o
 .debug_loclists
                0x00001a19      0x87e C:/Users/armstrongsubero/Desktop/Products/Rovari_Code_Examples/Youtube_Demos/llm_bare_c/system/build/bao1x_gpio_2a159524.o
 .debug_loclists
                0x00002297      0x819 C:/Users/armstrongsubero/Desktop/Products/Rovari_Code_Examples/Youtube_Demos/llm_bare_c/system/build/bao1x_uart_c3511564.o
 .debug_loclists
                0x00002ab0      0x135 C:/Users/armstrongsubero/Desktop/Products/Rovari_Code_Examples/Youtube_Demos/llm_bare_c/system/build/bao1x_irq_a7c7ae15.o
 .debug_loclists
                0x00002be5       0xb2 C:/Users/armstrongsubero/Desktop/Products/Rovari_Code_Examples/Youtube_Demos/llm_bare_c/system/build/bao_delay_80f4e0e1.o
 .debug_loclists
                0x00002c97      0x1d0 C:/Users/armstrongsubero/Desktop/Products/Rovari_Code_Examples/Youtube_Demos/llm_bare_c/system/build/bao_stdio_0baf7798.o
 .debug_loclists
                0x00002e67      0x21c C:/Users/armstrongsubero/Desktop/Products/Rovari_Code_Examples/Youtube_Demos/llm_bare_c/system/build/bao_stdlib_0f554822.o
 .debug_loclists
                0x00003083      0x56f C:/Users/armstrongsubero/Desktop/Products/Rovari_Code_Examples/Youtube_Demos/llm_bare_c/system/build/sevs_assert_target_bb69b4f5.o
 .debug_loclists
                0x000035f2      0x2fe C:/Users/armstrongsubero/Desktop/Products/Rovari_Code_Examples/Youtube_Demos/llm_bare_c/system/build/bao1x_rram_3bc2ec9f.o
 .debug_loclists
                0x000038f0      0x107 C:/Users/armstrongsubero/Desktop/Products/Rovari_Code_Examples/Youtube_Demos/llm_bare_c/system/build/bao1x_trng_cd679bc0.o
 .debug_loclists
                0x000039f7      0xe16 C:/Users/armstrongsubero/Desktop/Products/02_Rovari_Studio/RovariStudio_dist/toolchain/bin/../lib/gcc/riscv-none-elf/15.2.0\libgcc.a(_udivdi3.o)
 .debug_loclists
                0x0000480d     0x2219 C:/Users/armstrongsubero/Desktop/Products/02_Rovari_Studio/RovariStudio_dist/toolchain/bin/../lib/gcc/riscv-none-elf/15.2.0\libgcc.a(adddf3.o)
 .debug_loclists
                0x00006a26     0x1990 C:/Users/armstrongsubero/Desktop/Products/02_Rovari_Studio/RovariStudio_dist/toolchain/bin/../lib/gcc/riscv-none-elf/15.2.0\libgcc.a(divdf3.o)
 .debug_loclists
                0x000083b6      0x1ca C:/Users/armstrongsubero/Desktop/Products/02_Rovari_Studio/RovariStudio_dist/toolchain/bin/../lib/gcc/riscv-none-elf/15.2.0\libgcc.a(gedf2.o)
 .debug_loclists
                0x00008580      0x1cf C:/Users/armstrongsubero/Desktop/Products/02_Rovari_Studio/RovariStudio_dist/toolchain/bin/../lib/gcc/riscv-none-elf/15.2.0\libgcc.a(ledf2.o)
 .debug_loclists
                0x0000874f     0x11bd C:/Users/armstrongsubero/Desktop/Products/02_Rovari_Studio/RovariStudio_dist/toolchain/bin/../lib/gcc/riscv-none-elf/15.2.0\libgcc.a(muldf3.o)
 .debug_loclists
                0x0000990c     0x225d C:/Users/armstrongsubero/Desktop/Products/02_Rovari_Studio/RovariStudio_dist/toolchain/bin/../lib/gcc/riscv-none-elf/15.2.0\libgcc.a(subdf3.o)
 .debug_loclists
                0x0000bb69     0x1340 C:/Users/armstrongsubero/Desktop/Products/02_Rovari_Studio/RovariStudio_dist/toolchain/bin/../lib/gcc/riscv-none-elf/15.2.0\libgcc.a(addsf3.o)
 .debug_loclists
                0x0000cea9      0x876 C:/Users/armstrongsubero/Desktop/Products/02_Rovari_Studio/RovariStudio_dist/toolchain/bin/../lib/gcc/riscv-none-elf/15.2.0\libgcc.a(divsf3.o)
 .debug_loclists
                0x0000d71f       0x9b C:/Users/armstrongsubero/Desktop/Products/02_Rovari_Studio/RovariStudio_dist/toolchain/bin/../lib/gcc/riscv-none-elf/15.2.0\libgcc.a(eqsf2.o)
 .debug_loclists
                0x0000d7ba       0xe0 C:/Users/armstrongsubero/Desktop/Products/02_Rovari_Studio/RovariStudio_dist/toolchain/bin/../lib/gcc/riscv-none-elf/15.2.0\libgcc.a(gesf2.o)
 .debug_loclists
                0x0000d89a       0xc7 C:/Users/armstrongsubero/Desktop/Products/02_Rovari_Studio/RovariStudio_dist/toolchain/bin/../lib/gcc/riscv-none-elf/15.2.0\libgcc.a(lesf2.o)
 .debug_loclists
                0x0000d961      0x8b7 C:/Users/armstrongsubero/Desktop/Products/02_Rovari_Studio/RovariStudio_dist/toolchain/bin/../lib/gcc/riscv-none-elf/15.2.0\libgcc.a(mulsf3.o)
 .debug_loclists
                0x0000e218     0x1133 C:/Users/armstrongsubero/Desktop/Products/02_Rovari_Studio/RovariStudio_dist/toolchain/bin/../lib/gcc/riscv-none-elf/15.2.0\libgcc.a(subsf3.o)
 .debug_loclists
                0x0000f34b       0x4c C:/Users/armstrongsubero/Desktop/Products/02_Rovari_Studio/RovariStudio_dist/toolchain/bin/../lib/gcc/riscv-none-elf/15.2.0\libgcc.a(unordsf2.o)
 .debug_loclists
                0x0000f397      0x11c C:/Users/armstrongsubero/Desktop/Products/02_Rovari_Studio/RovariStudio_dist/toolchain/bin/../lib/gcc/riscv-none-elf/15.2.0\libgcc.a(fixsfsi.o)
 .debug_loclists
                0x0000f4b3       0x9c C:/Users/armstrongsubero/Desktop/Products/02_Rovari_Studio/RovariStudio_dist/toolchain/bin/../lib/gcc/riscv-none-elf/15.2.0\libgcc.a(fixunssfsi.o)
 .debug_loclists
                0x0000f54f      0x231 C:/Users/armstrongsubero/Desktop/Products/02_Rovari_Studio/RovariStudio_dist/toolchain/bin/../lib/gcc/riscv-none-elf/15.2.0\libgcc.a(floatsisf.o)
 .debug_loclists
                0x0000f780      0x218 C:/Users/armstrongsubero/Desktop/Products/02_Rovari_Studio/RovariStudio_dist/toolchain/bin/../lib/gcc/riscv-none-elf/15.2.0\libgcc.a(floatunsisf.o)
 .debug_loclists
                0x0000f998      0x2c3 C:/Users/armstrongsubero/Desktop/Products/02_Rovari_Studio/RovariStudio_dist/toolchain/bin/../lib/gcc/riscv-none-elf/15.2.0\libgcc.a(extendsfdf2.o)
 .debug_loclists
                0x0000fc5b      0x425 C:/Users/armstrongsubero/Desktop/Products/02_Rovari_Studio/RovariStudio_dist/toolchain/bin/../lib/gcc/riscv-none-elf/15.2.0\libgcc.a(truncdfsf2.o)
 .debug_loclists
                0x00010080       0xe1 C:/Users/armstrongsubero/Desktop/Products/02_Rovari_Studio/RovariStudio_dist/toolchain/bin/../lib/gcc/riscv-none-elf/15.2.0\libgcc.a(_clzsi2.o)

.debug_aranges  0x00000000      0x638
 .debug_aranges
                0x00000000       0x78 C:/Users/armstrongsubero/Desktop/Products/Rovari_Code_Examples/Youtube_Demos/llm_bare_c/system/build/app_1e317360.o
 .debug_aranges
                0x00000078       0x20 C:/Users/armstrongsubero/Desktop/Products/Rovari_Code_Examples/Youtube_Demos/llm_bare_c/system/build/startup_575bc648.o
 .debug_aranges
                0x00000098       0x88 C:/Users/armstrongsubero/Desktop/Products/Rovari_Code_Examples/Youtube_Demos/llm_bare_c/system/build/bao1x_gpio_2a159524.o
 .debug_aranges
                0x00000120       0x70 C:/Users/armstrongsubero/Desktop/Products/Rovari_Code_Examples/Youtube_Demos/llm_bare_c/system/build/bao1x_uart_c3511564.o
 .debug_aranges
                0x00000190       0x48 C:/Users/armstrongsubero/Desktop/Products/Rovari_Code_Examples/Youtube_Demos/llm_bare_c/system/build/bao1x_irq_a7c7ae15.o
 .debug_aranges
                0x000001d8       0x38 C:/Users/armstrongsubero/Desktop/Products/Rovari_Code_Examples/Youtube_Demos/llm_bare_c/system/build/bao_delay_80f4e0e1.o
 .debug_aranges
                0x00000210       0x28 C:/Users/armstrongsubero/Desktop/Products/Rovari_Code_Examples/Youtube_Demos/llm_bare_c/system/build/bao_stdio_0baf7798.o
 .debug_aranges
                0x00000238       0x50 C:/Users/armstrongsubero/Desktop/Products/Rovari_Code_Examples/Youtube_Demos/llm_bare_c/system/build/bao_stdlib_0f554822.o
 .debug_aranges
                0x00000288       0x20 C:/Users/armstrongsubero/Desktop/Products/Rovari_Code_Examples/Youtube_Demos/llm_bare_c/system/build/rovari_main_6bb15216.o
 .debug_aranges
                0x000002a8       0x48 C:/Users/armstrongsubero/Desktop/Products/Rovari_Code_Examples/Youtube_Demos/llm_bare_c/system/build/sevs_assert_target_bb69b4f5.o
 .debug_aranges
                0x000002f0       0x40 C:/Users/armstrongsubero/Desktop/Products/Rovari_Code_Examples/Youtube_Demos/llm_bare_c/system/build/bao1x_rram_3bc2ec9f.o
 .debug_aranges
                0x00000330       0x30 C:/Users/armstrongsubero/Desktop/Products/Rovari_Code_Examples/Youtube_Demos/llm_bare_c/system/build/bao1x_trng_cd679bc0.o
 .debug_aranges
                0x00000360       0x20 C:/Users/armstrongsubero/Desktop/Products/02_Rovari_Studio/RovariStudio_dist/toolchain/bin/../lib/gcc/riscv-none-elf/15.2.0\libgcc.a(_udivdi3.o)
 .debug_aranges
                0x00000380       0x20 C:/Users/armstrongsubero/Desktop/Products/02_Rovari_Studio/RovariStudio_dist/toolchain/bin/../lib/gcc/riscv-none-elf/15.2.0\libgcc.a(adddf3.o)
 .debug_aranges
                0x000003a0       0x20 C:/Users/armstrongsubero/Desktop/Products/02_Rovari_Studio/RovariStudio_dist/toolchain/bin/../lib/gcc/riscv-none-elf/15.2.0\libgcc.a(divdf3.o)
 .debug_aranges
                0x000003c0       0x20 C:/Users/armstrongsubero/Desktop/Products/02_Rovari_Studio/RovariStudio_dist/toolchain/bin/../lib/gcc/riscv-none-elf/15.2.0\libgcc.a(gedf2.o)
 .debug_aranges
                0x000003e0       0x20 C:/Users/armstrongsubero/Desktop/Products/02_Rovari_Studio/RovariStudio_dist/toolchain/bin/../lib/gcc/riscv-none-elf/15.2.0\libgcc.a(ledf2.o)
 .debug_aranges
                0x00000400       0x20 C:/Users/armstrongsubero/Desktop/Products/02_Rovari_Studio/RovariStudio_dist/toolchain/bin/../lib/gcc/riscv-none-elf/15.2.0\libgcc.a(muldf3.o)
 .debug_aranges
                0x00000420       0x20 C:/Users/armstrongsubero/Desktop/Products/02_Rovari_Studio/RovariStudio_dist/toolchain/bin/../lib/gcc/riscv-none-elf/15.2.0\libgcc.a(subdf3.o)
 .debug_aranges
                0x00000440       0x20 C:/Users/armstrongsubero/Desktop/Products/02_Rovari_Studio/RovariStudio_dist/toolchain/bin/../lib/gcc/riscv-none-elf/15.2.0\libgcc.a(addsf3.o)
 .debug_aranges
                0x00000460       0x20 C:/Users/armstrongsubero/Desktop/Products/02_Rovari_Studio/RovariStudio_dist/toolchain/bin/../lib/gcc/riscv-none-elf/15.2.0\libgcc.a(divsf3.o)
 .debug_aranges
                0x00000480       0x20 C:/Users/armstrongsubero/Desktop/Products/02_Rovari_Studio/RovariStudio_dist/toolchain/bin/../lib/gcc/riscv-none-elf/15.2.0\libgcc.a(eqsf2.o)
 .debug_aranges
                0x000004a0       0x20 C:/Users/armstrongsubero/Desktop/Products/02_Rovari_Studio/RovariStudio_dist/toolchain/bin/../lib/gcc/riscv-none-elf/15.2.0\libgcc.a(gesf2.o)
 .debug_aranges
                0x000004c0       0x20 C:/Users/armstrongsubero/Desktop/Products/02_Rovari_Studio/RovariStudio_dist/toolchain/bin/../lib/gcc/riscv-none-elf/15.2.0\libgcc.a(lesf2.o)
 .debug_aranges
                0x000004e0       0x20 C:/Users/armstrongsubero/Desktop/Products/02_Rovari_Studio/RovariStudio_dist/toolchain/bin/../lib/gcc/riscv-none-elf/15.2.0\libgcc.a(mulsf3.o)
 .debug_aranges
                0x00000500       0x20 C:/Users/armstrongsubero/Desktop/Products/02_Rovari_Studio/RovariStudio_dist/toolchain/bin/../lib/gcc/riscv-none-elf/15.2.0\libgcc.a(subsf3.o)
 .debug_aranges
                0x00000520       0x20 C:/Users/armstrongsubero/Desktop/Products/02_Rovari_Studio/RovariStudio_dist/toolchain/bin/../lib/gcc/riscv-none-elf/15.2.0\libgcc.a(unordsf2.o)
 .debug_aranges
                0x00000540       0x20 C:/Users/armstrongsubero/Desktop/Products/02_Rovari_Studio/RovariStudio_dist/toolchain/bin/../lib/gcc/riscv-none-elf/15.2.0\libgcc.a(fixsfsi.o)
 .debug_aranges
                0x00000560       0x20 C:/Users/armstrongsubero/Desktop/Products/02_Rovari_Studio/RovariStudio_dist/toolchain/bin/../lib/gcc/riscv-none-elf/15.2.0\libgcc.a(fixunssfsi.o)
 .debug_aranges
                0x00000580       0x20 C:/Users/armstrongsubero/Desktop/Products/02_Rovari_Studio/RovariStudio_dist/toolchain/bin/../lib/gcc/riscv-none-elf/15.2.0\libgcc.a(floatsisf.o)
 .debug_aranges
                0x000005a0       0x20 C:/Users/armstrongsubero/Desktop/Products/02_Rovari_Studio/RovariStudio_dist/toolchain/bin/../lib/gcc/riscv-none-elf/15.2.0\libgcc.a(floatunsisf.o)
 .debug_aranges
                0x000005c0       0x20 C:/Users/armstrongsubero/Desktop/Products/02_Rovari_Studio/RovariStudio_dist/toolchain/bin/../lib/gcc/riscv-none-elf/15.2.0\libgcc.a(extendsfdf2.o)
 .debug_aranges
                0x000005e0       0x20 C:/Users/armstrongsubero/Desktop/Products/02_Rovari_Studio/RovariStudio_dist/toolchain/bin/../lib/gcc/riscv-none-elf/15.2.0\libgcc.a(truncdfsf2.o)
 .debug_aranges
                0x00000600       0x18 C:/Users/armstrongsubero/Desktop/Products/02_Rovari_Studio/RovariStudio_dist/toolchain/bin/../lib/gcc/riscv-none-elf/15.2.0\libgcc.a(_clz.o)
 .debug_aranges
                0x00000618       0x20 C:/Users/armstrongsubero/Desktop/Products/02_Rovari_Studio/RovariStudio_dist/toolchain/bin/../lib/gcc/riscv-none-elf/15.2.0\libgcc.a(_clzsi2.o)

.debug_rnglists
                0x00000000     0x1d42
 .debug_rnglists
                0x00000000      0x410 C:/Users/armstrongsubero/Desktop/Products/Rovari_Code_Examples/Youtube_Demos/llm_bare_c/system/build/app_1e317360.o
 .debug_rnglists
                0x00000410       0x6c C:/Users/armstrongsubero/Desktop/Products/Rovari_Code_Examples/Youtube_Demos/llm_bare_c/system/build/bao1x_gpio_2a159524.o
 .debug_rnglists
                0x0000047c       0x99 C:/Users/armstrongsubero/Desktop/Products/Rovari_Code_Examples/Youtube_Demos/llm_bare_c/system/build/bao1x_uart_c3511564.o
 .debug_rnglists
                0x00000515       0x7d C:/Users/armstrongsubero/Desktop/Products/Rovari_Code_Examples/Youtube_Demos/llm_bare_c/system/build/bao1x_irq_a7c7ae15.o
 .debug_rnglists
                0x00000592       0x25 C:/Users/armstrongsubero/Desktop/Products/Rovari_Code_Examples/Youtube_Demos/llm_bare_c/system/build/bao_delay_80f4e0e1.o
 .debug_rnglists
                0x000005b7       0x2d C:/Users/armstrongsubero/Desktop/Products/Rovari_Code_Examples/Youtube_Demos/llm_bare_c/system/build/bao_stdio_0baf7798.o
 .debug_rnglists
                0x000005e4       0x38 C:/Users/armstrongsubero/Desktop/Products/Rovari_Code_Examples/Youtube_Demos/llm_bare_c/system/build/bao_stdlib_0f554822.o
 .debug_rnglists
                0x0000061c       0x13 C:/Users/armstrongsubero/Desktop/Products/Rovari_Code_Examples/Youtube_Demos/llm_bare_c/system/build/rovari_main_6bb15216.o
 .debug_rnglists
                0x0000062f       0x7c C:/Users/armstrongsubero/Desktop/Products/Rovari_Code_Examples/Youtube_Demos/llm_bare_c/system/build/sevs_assert_target_bb69b4f5.o
 .debug_rnglists
                0x000006ab       0x9f C:/Users/armstrongsubero/Desktop/Products/Rovari_Code_Examples/Youtube_Demos/llm_bare_c/system/build/bao1x_rram_3bc2ec9f.o
 .debug_rnglists
                0x0000074a       0x44 C:/Users/armstrongsubero/Desktop/Products/Rovari_Code_Examples/Youtube_Demos/llm_bare_c/system/build/bao1x_trng_cd679bc0.o
 .debug_rnglists
                0x0000078e      0x104 C:/Users/armstrongsubero/Desktop/Products/02_Rovari_Studio/RovariStudio_dist/toolchain/bin/../lib/gcc/riscv-none-elf/15.2.0\libgcc.a(_udivdi3.o)
 .debug_rnglists
                0x00000892      0x3a7 C:/Users/armstrongsubero/Desktop/Products/02_Rovari_Studio/RovariStudio_dist/toolchain/bin/../lib/gcc/riscv-none-elf/15.2.0\libgcc.a(adddf3.o)
 .debug_rnglists
                0x00000c39      0x1a9 C:/Users/armstrongsubero/Desktop/Products/02_Rovari_Studio/RovariStudio_dist/toolchain/bin/../lib/gcc/riscv-none-elf/15.2.0\libgcc.a(divdf3.o)
 .debug_rnglists
                0x00000de2       0x52 C:/Users/armstrongsubero/Desktop/Products/02_Rovari_Studio/RovariStudio_dist/toolchain/bin/../lib/gcc/riscv-none-elf/15.2.0\libgcc.a(gedf2.o)
 .debug_rnglists
                0x00000e34       0x4a C:/Users/armstrongsubero/Desktop/Products/02_Rovari_Studio/RovariStudio_dist/toolchain/bin/../lib/gcc/riscv-none-elf/15.2.0\libgcc.a(ledf2.o)
 .debug_rnglists
                0x00000e7e      0x1b0 C:/Users/armstrongsubero/Desktop/Products/02_Rovari_Studio/RovariStudio_dist/toolchain/bin/../lib/gcc/riscv-none-elf/15.2.0\libgcc.a(muldf3.o)
 .debug_rnglists
                0x0000102e      0x3a7 C:/Users/armstrongsubero/Desktop/Products/02_Rovari_Studio/RovariStudio_dist/toolchain/bin/../lib/gcc/riscv-none-elf/15.2.0\libgcc.a(subdf3.o)
 .debug_rnglists
                0x000013d5      0x26f C:/Users/armstrongsubero/Desktop/Products/02_Rovari_Studio/RovariStudio_dist/toolchain/bin/../lib/gcc/riscv-none-elf/15.2.0\libgcc.a(addsf3.o)
 .debug_rnglists
                0x00001644       0xcb C:/Users/armstrongsubero/Desktop/Products/02_Rovari_Studio/RovariStudio_dist/toolchain/bin/../lib/gcc/riscv-none-elf/15.2.0\libgcc.a(divsf3.o)
 .debug_rnglists
                0x0000170f       0x2b C:/Users/armstrongsubero/Desktop/Products/02_Rovari_Studio/RovariStudio_dist/toolchain/bin/../lib/gcc/riscv-none-elf/15.2.0\libgcc.a(eqsf2.o)
 .debug_rnglists
                0x0000173a       0x38 C:/Users/armstrongsubero/Desktop/Products/02_Rovari_Studio/RovariStudio_dist/toolchain/bin/../lib/gcc/riscv-none-elf/15.2.0\libgcc.a(gesf2.o)
 .debug_rnglists
                0x00001772       0x38 C:/Users/armstrongsubero/Desktop/Products/02_Rovari_Studio/RovariStudio_dist/toolchain/bin/../lib/gcc/riscv-none-elf/15.2.0\libgcc.a(lesf2.o)
 .debug_rnglists
                0x000017aa       0xc8 C:/Users/armstrongsubero/Desktop/Products/02_Rovari_Studio/RovariStudio_dist/toolchain/bin/../lib/gcc/riscv-none-elf/15.2.0\libgcc.a(mulsf3.o)
 .debug_rnglists
                0x00001872      0x25d C:/Users/armstrongsubero/Desktop/Products/02_Rovari_Studio/RovariStudio_dist/toolchain/bin/../lib/gcc/riscv-none-elf/15.2.0\libgcc.a(subsf3.o)
 .debug_rnglists
                0x00001acf       0x22 C:/Users/armstrongsubero/Desktop/Products/02_Rovari_Studio/RovariStudio_dist/toolchain/bin/../lib/gcc/riscv-none-elf/15.2.0\libgcc.a(unordsf2.o)
 .debug_rnglists
                0x00001af1       0x2b C:/Users/armstrongsubero/Desktop/Products/02_Rovari_Studio/RovariStudio_dist/toolchain/bin/../lib/gcc/riscv-none-elf/15.2.0\libgcc.a(fixsfsi.o)
 .debug_rnglists
                0x00001b1c       0x1f C:/Users/armstrongsubero/Desktop/Products/02_Rovari_Studio/RovariStudio_dist/toolchain/bin/../lib/gcc/riscv-none-elf/15.2.0\libgcc.a(fixunssfsi.o)
 .debug_rnglists
                0x00001b3b       0x82 C:/Users/armstrongsubero/Desktop/Products/02_Rovari_Studio/RovariStudio_dist/toolchain/bin/../lib/gcc/riscv-none-elf/15.2.0\libgcc.a(floatsisf.o)
 .debug_rnglists
                0x00001bbd       0x74 C:/Users/armstrongsubero/Desktop/Products/02_Rovari_Studio/RovariStudio_dist/toolchain/bin/../lib/gcc/riscv-none-elf/15.2.0\libgcc.a(floatunsisf.o)
 .debug_rnglists
                0x00001c31       0x65 C:/Users/armstrongsubero/Desktop/Products/02_Rovari_Studio/RovariStudio_dist/toolchain/bin/../lib/gcc/riscv-none-elf/15.2.0\libgcc.a(extendsfdf2.o)
 .debug_rnglists
                0x00001c96       0x84 C:/Users/armstrongsubero/Desktop/Products/02_Rovari_Studio/RovariStudio_dist/toolchain/bin/../lib/gcc/riscv-none-elf/15.2.0\libgcc.a(truncdfsf2.o)
 .debug_rnglists
                0x00001d1a       0x28 C:/Users/armstrongsubero/Desktop/Products/02_Rovari_Studio/RovariStudio_dist/toolchain/bin/../lib/gcc/riscv-none-elf/15.2.0\libgcc.a(_clzsi2.o)

.debug_line     0x00000000    0x18f8e
 .debug_line    0x00000000     0x432e C:/Users/armstrongsubero/Desktop/Products/Rovari_Code_Examples/Youtube_Demos/llm_bare_c/system/build/app_1e317360.o
 .debug_line    0x0000432e      0x2a8 C:/Users/armstrongsubero/Desktop/Products/Rovari_Code_Examples/Youtube_Demos/llm_bare_c/system/build/startup_575bc648.o
 .debug_line    0x000045d6      0xaf4 C:/Users/armstrongsubero/Desktop/Products/Rovari_Code_Examples/Youtube_Demos/llm_bare_c/system/build/bao1x_gpio_2a159524.o
 .debug_line    0x000050ca      0xebc C:/Users/armstrongsubero/Desktop/Products/Rovari_Code_Examples/Youtube_Demos/llm_bare_c/system/build/bao1x_uart_c3511564.o
 .debug_line    0x00005f86      0x52d C:/Users/armstrongsubero/Desktop/Products/Rovari_Code_Examples/Youtube_Demos/llm_bare_c/system/build/bao1x_irq_a7c7ae15.o
 .debug_line    0x000064b3      0x2db C:/Users/armstrongsubero/Desktop/Products/Rovari_Code_Examples/Youtube_Demos/llm_bare_c/system/build/bao_delay_80f4e0e1.o
 .debug_line    0x0000678e      0x42e C:/Users/armstrongsubero/Desktop/Products/Rovari_Code_Examples/Youtube_Demos/llm_bare_c/system/build/bao_stdio_0baf7798.o
 .debug_line    0x00006bbc      0x364 C:/Users/armstrongsubero/Desktop/Products/Rovari_Code_Examples/Youtube_Demos/llm_bare_c/system/build/bao_stdlib_0f554822.o
 .debug_line    0x00006f20       0x91 C:/Users/armstrongsubero/Desktop/Products/Rovari_Code_Examples/Youtube_Demos/llm_bare_c/system/build/rovari_main_6bb15216.o
 .debug_line    0x00006fb1      0x7fa C:/Users/armstrongsubero/Desktop/Products/Rovari_Code_Examples/Youtube_Demos/llm_bare_c/system/build/sevs_assert_target_bb69b4f5.o
 .debug_line    0x000077ab      0x753 C:/Users/armstrongsubero/Desktop/Products/Rovari_Code_Examples/Youtube_Demos/llm_bare_c/system/build/bao1x_rram_3bc2ec9f.o
 .debug_line    0x00007efe      0x3b4 C:/Users/armstrongsubero/Desktop/Products/Rovari_Code_Examples/Youtube_Demos/llm_bare_c/system/build/bao1x_trng_cd679bc0.o
 .debug_line    0x000082b2      0xc69 C:/Users/armstrongsubero/Desktop/Products/02_Rovari_Studio/RovariStudio_dist/toolchain/bin/../lib/gcc/riscv-none-elf/15.2.0\libgcc.a(_udivdi3.o)
 .debug_line    0x00008f1b     0x2935 C:/Users/armstrongsubero/Desktop/Products/02_Rovari_Studio/RovariStudio_dist/toolchain/bin/../lib/gcc/riscv-none-elf/15.2.0\libgcc.a(adddf3.o)
 .debug_line    0x0000b850     0x19eb C:/Users/armstrongsubero/Desktop/Products/02_Rovari_Studio/RovariStudio_dist/toolchain/bin/../lib/gcc/riscv-none-elf/15.2.0\libgcc.a(divdf3.o)
 .debug_line    0x0000d23b      0x428 C:/Users/armstrongsubero/Desktop/Products/02_Rovari_Studio/RovariStudio_dist/toolchain/bin/../lib/gcc/riscv-none-elf/15.2.0\libgcc.a(gedf2.o)
 .debug_line    0x0000d663      0x43a C:/Users/armstrongsubero/Desktop/Products/02_Rovari_Studio/RovariStudio_dist/toolchain/bin/../lib/gcc/riscv-none-elf/15.2.0\libgcc.a(ledf2.o)
 .debug_line    0x0000da9d     0x14e3 C:/Users/armstrongsubero/Desktop/Products/02_Rovari_Studio/RovariStudio_dist/toolchain/bin/../lib/gcc/riscv-none-elf/15.2.0\libgcc.a(muldf3.o)
 .debug_line    0x0000ef80     0x29a6 C:/Users/armstrongsubero/Desktop/Products/02_Rovari_Studio/RovariStudio_dist/toolchain/bin/../lib/gcc/riscv-none-elf/15.2.0\libgcc.a(subdf3.o)
 .debug_line    0x00011926     0x1c4e C:/Users/armstrongsubero/Desktop/Products/02_Rovari_Studio/RovariStudio_dist/toolchain/bin/../lib/gcc/riscv-none-elf/15.2.0\libgcc.a(addsf3.o)
 .debug_line    0x00013574      0xc56 C:/Users/armstrongsubero/Desktop/Products/02_Rovari_Studio/RovariStudio_dist/toolchain/bin/../lib/gcc/riscv-none-elf/15.2.0\libgcc.a(divsf3.o)
 .debug_line    0x000141ca      0x211 C:/Users/armstrongsubero/Desktop/Products/02_Rovari_Studio/RovariStudio_dist/toolchain/bin/../lib/gcc/riscv-none-elf/15.2.0\libgcc.a(eqsf2.o)
 .debug_line    0x000143db      0x2ab C:/Users/armstrongsubero/Desktop/Products/02_Rovari_Studio/RovariStudio_dist/toolchain/bin/../lib/gcc/riscv-none-elf/15.2.0\libgcc.a(gesf2.o)
 .debug_line    0x00014686      0x2c3 C:/Users/armstrongsubero/Desktop/Products/02_Rovari_Studio/RovariStudio_dist/toolchain/bin/../lib/gcc/riscv-none-elf/15.2.0\libgcc.a(lesf2.o)
 .debug_line    0x00014949      0xce7 C:/Users/armstrongsubero/Desktop/Products/02_Rovari_Studio/RovariStudio_dist/toolchain/bin/../lib/gcc/riscv-none-elf/15.2.0\libgcc.a(mulsf3.o)
 .debug_line    0x00015630     0x1bb9 C:/Users/armstrongsubero/Desktop/Products/02_Rovari_Studio/RovariStudio_dist/toolchain/bin/../lib/gcc/riscv-none-elf/15.2.0\libgcc.a(subsf3.o)
 .debug_line    0x000171e9      0x181 C:/Users/armstrongsubero/Desktop/Products/02_Rovari_Studio/RovariStudio_dist/toolchain/bin/../lib/gcc/riscv-none-elf/15.2.0\libgcc.a(unordsf2.o)
 .debug_line    0x0001736a      0x24d C:/Users/armstrongsubero/Desktop/Products/02_Rovari_Studio/RovariStudio_dist/toolchain/bin/../lib/gcc/riscv-none-elf/15.2.0\libgcc.a(fixsfsi.o)
 .debug_line    0x000175b7      0x1d3 C:/Users/armstrongsubero/Desktop/Products/02_Rovari_Studio/RovariStudio_dist/toolchain/bin/../lib/gcc/riscv-none-elf/15.2.0\libgcc.a(fixunssfsi.o)
 .debug_line    0x0001778a      0x463 C:/Users/armstrongsubero/Desktop/Products/02_Rovari_Studio/RovariStudio_dist/toolchain/bin/../lib/gcc/riscv-none-elf/15.2.0\libgcc.a(floatsisf.o)